Component: ARM Compiler 6.16 Tool: armlink [5dfeaa00]

==============================================================================

Section Cross References

    main.o(.text) refers (Special) to _printf_d.o(.ARM.Collect$$_printf_percent$$00000009) for _printf_d
    main.o(.text) refers (Special) to _printf_dec.o(.text) for _printf_int_dec
    main.o(.text) refers (Special) to _printf_percent.o(.ARM.Collect$$_printf_percent$$00000000) for _printf_percent
    main.o(.text.UART_TASK) refers (Special) to _printf_d.o(.ARM.Collect$$_printf_percent$$00000009) for _printf_d
    main.o(.text.UART_TASK) refers (Special) to _printf_dec.o(.text) for _printf_int_dec
    main.o(.text.UART_TASK) refers (Special) to _printf_percent.o(.ARM.Collect$$_printf_percent$$00000000) for _printf_percent
    main.o(.text.UART_TASK) refers to main.o(.bss.xQueue_UART) for xQueue_UART
    main.o(.text.UART_TASK) refers to queue.o(.text.xQueueGenericSend) for xQueueGenericSend
    main.o(.text.UART_TASK) refers to uart.o(.text.printstring) for printstring
    main.o(.text.UART_TASK) refers to uart.o(.text.UART0_Receiver) for UART0_Receiver
    main.o(.text.UART_TASK) refers to uart.o(.text.UART0_Send) for UART0_Send
    main.o(.ARM.exidx.text.UART_TASK) refers (Special) to _printf_d.o(.ARM.Collect$$_printf_percent$$00000009) for _printf_d
    main.o(.ARM.exidx.text.UART_TASK) refers (Special) to _printf_dec.o(.text) for _printf_int_dec
    main.o(.ARM.exidx.text.UART_TASK) refers (Special) to _printf_percent.o(.ARM.Collect$$_printf_percent$$00000000) for _printf_percent
    main.o(.ARM.exidx.text.UART_TASK) refers to main.o(.text.UART_TASK) for [Anonymous Symbol]
    main.o(.text.LCD_TASK) refers (Special) to _printf_d.o(.ARM.Collect$$_printf_percent$$00000009) for _printf_d
    main.o(.text.LCD_TASK) refers (Special) to _printf_dec.o(.text) for _printf_int_dec
    main.o(.text.LCD_TASK) refers (Special) to _printf_percent.o(.ARM.Collect$$_printf_percent$$00000000) for _printf_percent
    main.o(.text.LCD_TASK) refers to main.o(.rodata.str1.1) for .L.str.3
    main.o(.text.LCD_TASK) refers to lcd.o(.text.LCD4bits_Cmd) for LCD4bits_Cmd
    main.o(.text.LCD_TASK) refers to main.o(.bss.xQueue_LCD) for xQueue_LCD
    main.o(.text.LCD_TASK) refers to queue.o(.text.xQueueReceive) for xQueueReceive
    main.o(.text.LCD_TASK) refers to lcd.o(.text.LCD_WriteString) for LCD_WriteString
    main.o(.text.LCD_TASK) refers to noretval__2sprintf.o(.text) for __2sprintf
    main.o(.text.LCD_TASK) refers to tasks.o(.text.vTaskDelay) for vTaskDelay
    main.o(.ARM.exidx.text.LCD_TASK) refers (Special) to _printf_d.o(.ARM.Collect$$_printf_percent$$00000009) for _printf_d
    main.o(.ARM.exidx.text.LCD_TASK) refers (Special) to _printf_dec.o(.text) for _printf_int_dec
    main.o(.ARM.exidx.text.LCD_TASK) refers (Special) to _printf_percent.o(.ARM.Collect$$_printf_percent$$00000000) for _printf_percent
    main.o(.ARM.exidx.text.LCD_TASK) refers to main.o(.text.LCD_TASK) for [Anonymous Symbol]
    main.o(.text.LED_TASK) refers (Special) to _printf_d.o(.ARM.Collect$$_printf_percent$$00000009) for _printf_d
    main.o(.text.LED_TASK) refers (Special) to _printf_dec.o(.text) for _printf_int_dec
    main.o(.text.LED_TASK) refers (Special) to _printf_percent.o(.ARM.Collect$$_printf_percent$$00000000) for _printf_percent
    main.o(.text.LED_TASK) refers to main.o(.bss.xQueue_LED) for xQueue_LED
    main.o(.text.LED_TASK) refers to queue.o(.text.xQueueReceive) for xQueueReceive
    main.o(.ARM.exidx.text.LED_TASK) refers (Special) to _printf_d.o(.ARM.Collect$$_printf_percent$$00000009) for _printf_d
    main.o(.ARM.exidx.text.LED_TASK) refers (Special) to _printf_dec.o(.text) for _printf_int_dec
    main.o(.ARM.exidx.text.LED_TASK) refers (Special) to _printf_percent.o(.ARM.Collect$$_printf_percent$$00000000) for _printf_percent
    main.o(.ARM.exidx.text.LED_TASK) refers to main.o(.text.LED_TASK) for [Anonymous Symbol]
    main.o(.text.Controller_Task) refers (Special) to _printf_d.o(.ARM.Collect$$_printf_percent$$00000009) for _printf_d
    main.o(.text.Controller_Task) refers (Special) to _printf_dec.o(.text) for _printf_int_dec
    main.o(.text.Controller_Task) refers (Special) to _printf_percent.o(.ARM.Collect$$_printf_percent$$00000000) for _printf_percent
    main.o(.text.Controller_Task) refers to main.o(.rodata.str1.1) for .L.str.3
    main.o(.text.Controller_Task) refers to main.o(.bss.xQueue_UART) for xQueue_UART
    main.o(.text.Controller_Task) refers to queue.o(.text.xQueueReceive) for xQueueReceive
    main.o(.text.Controller_Task) refers to noretval__2sprintf.o(.text) for __2sprintf
    main.o(.text.Controller_Task) refers to main.o(.bss.xQueue_LCD) for xQueue_LCD
    main.o(.text.Controller_Task) refers to queue.o(.text.xQueueGenericSend) for xQueueGenericSend
    main.o(.text.Controller_Task) refers to main.o(.bss.xQueue_LED) for xQueue_LED
[...]
    Removing tasks.o(.ARM.exidx.text.prvTaskCheckFreeStackSpace), (8 bytes).
    Removing tasks.o(.text.uxTaskGetStackHighWaterMark2), (22 bytes).
    Removing tasks.o(.ARM.exidx.text.uxTaskGetStackHighWaterMark2), (8 bytes).
    Removing tasks.o(.text.uxTaskGetStackHighWaterMark), (22 bytes).
    Removing tasks.o(.ARM.exidx.text.uxTaskGetStackHighWaterMark), (8 bytes).
    Removing tasks.o(.text.xTaskGetCurrentTaskHandle), (12 bytes).
    Removing tasks.o(.ARM.exidx.text.xTaskGetCurrentTaskHandle), (8 bytes).
    Removing tasks.o(.ARM.exidx.text.xTaskGetSchedulerState), (8 bytes).
    Removing tasks.o(.text.xTaskPriorityInherit), (190 bytes).
    Removing tasks.o(.ARM.exidx.text.xTaskPriorityInherit), (8 bytes).
    Removing tasks.o(.ARM.exidx.text.xTaskPriorityDisinherit), (8 bytes).
    Removing tasks.o(.text.vTaskPriorityDisinheritAfterTimeout), (206 bytes).
    Removing tasks.o(.ARM.exidx.text.vTaskPriorityDisinheritAfterTimeout), (8 bytes).
    Removing tasks.o(.text.uxTaskResetEventItemValue), (26 bytes).
    Removing tasks.o(.ARM.exidx.text.uxTaskResetEventItemValue), (8 bytes).
    Removing tasks.o(.text.pvTaskIncrementMutexHeldCount), (24 bytes).
    Removing tasks.o(.ARM.exidx.text.pvTaskIncrementMutexHeldCount), (8 bytes).
    Removing tasks.o(.text.ulTaskGenericNotifyTake), (150 bytes).
    Removing tasks.o(.ARM.exidx.text.ulTaskGenericNotifyTake), (8 bytes).
    Removing tasks.o(.text.xTaskGenericNotifyWait), (194 bytes).
    Removing tasks.o(.ARM.exidx.text.xTaskGenericNotifyWait), (8 bytes).
    Removing tasks.o(.text.xTaskGenericNotify), (358 bytes).
    Removing tasks.o(.ARM.exidx.text.xTaskGenericNotify), (8 bytes).
    Removing tasks.o(.text.xTaskGenericNotifyFromISR), (402 bytes).
    Removing tasks.o(.ARM.exidx.text.xTaskGenericNotifyFromISR), (8 bytes).
    Removing tasks.o(.text.vTaskGenericNotifyGiveFromISR), (304 bytes).
    Removing tasks.o(.ARM.exidx.text.vTaskGenericNotifyGiveFromISR), (8 bytes).
    Removing tasks.o(.text.xTaskGenericNotifyStateClear), (66 bytes).
    Removing tasks.o(.ARM.exidx.text.xTaskGenericNotifyStateClear), (8 bytes).
    Removing tasks.o(.text.ulTaskGenericNotifyValueClear), (44 bytes).
    Removing tasks.o(.ARM.exidx.text.ulTaskGenericNotifyValueClear), (8 bytes).
    Removing tasks.o(.ARM.exidx.text.prvInitialiseTaskLists), (8 bytes).
    Removing tasks.o(.ARM.exidx.text.prvCheckTasksWaitingTermination), (8 bytes).

253 unused section(s) (total 9998 bytes) removed from the image.

==============================================================================

Image Symbol Table

    Local Symbols

    Symbol Name                              Value     Ov Type        Size  Object(Section)

    ../clib/angel/boardlib.s                 0x00000000   Number         0  boardinit1.o ABSOLUTE
    ../clib/angel/boardlib.s                 0x00000000   Number         0  boardinit2.o ABSOLUTE
    ../clib/angel/boardlib.s                 0x00000000   Number         0  boardinit3.o ABSOLUTE
    ../clib/angel/boardlib.s                 0x00000000   Number         0  boardshut.o ABSOLUTE
    ../clib/angel/handlers.s                 0x00000000   Number         0  __scatter_copy.o ABSOLUTE
    ../clib/angel/handlers.s                 0x00000000   Number         0  __scatter_zi.o ABSOLUTE
    ../clib/angel/kernel.s                   0x00000000   Number         0  __rtentry.o ABSOLUTE
    ../clib/angel/kernel.s                   0x00000000   Number         0  __rtentry2.o ABSOLUTE
    ../clib/angel/kernel.s                   0x00000000   Number         0  __rtentry4.o ABSOLUTE
    ../clib/angel/kernel.s                   0x00000000   Number         0  rtexit.o ABSOLUTE
    ../clib/angel/kernel.s                   0x00000000   Number         0  rtexit2.o ABSOLUTE
    ../clib/angel/rt.s                       0x00000000   Number         0  rt_raise.o ABSOLUTE
    ../clib/angel/scatter.s                  0x00000000   Number         0  __scatter.o ABSOLUTE
    ../clib/angel/startup.s                  0x00000000   Number         0  __main.o ABSOLUTE
    ../clib/angel/sys.s                      0x00000000   Number         0  sys_stackheap_outer.o ABSOLUTE
    ../clib/angel/sys.s                      0x00000000   Number         0  libspace.o ABSOLUTE
    ../clib/angel/sys.s                      0x00000000   Number         0  use_no_semi.o ABSOLUTE
    ../clib/angel/sys.s                      0x00000000   Number         0  indicate_semi.o ABSOLUTE
    ../clib/angel/sysapp.c                   0x00000000   Number         0  sys_exit.o ABSOLUTE
    ../clib/angel/sysapp.c                   0x00000000   Number         0  sys_exit_hlt.o ABSOLUTE
    ../clib/angel/sysapp.c                   0x00000000   Number         0  sys_command.o ABSOLUTE
    ../clib/angel/sysapp.c                   0x00000000   Number         0  sys_command_hlt.o ABSOLUTE
    ../clib/angel/sysapp.c                   0x00000000   Number         0  sys_wrch.o ABSOLUTE
    ../clib/angel/sysapp.c                   0x00000000   Number         0  sys_wrch_hlt.o ABSOLUTE
    ../clib/armsys.c                         0x00000000   Number         0  argv_veneer.o ABSOLUTE
    ../clib/armsys.c                         0x00000000   Number         0  argv_veneer.o ABSOLUTE
    ../clib/armsys.c                         0x00000000   Number         0  _get_argv_nomalloc.o ABSOLUTE
    ../clib/armsys.c                         0x00000000   Number         0  no_argv.o ABSOLUTE
    ../clib/heapalloc.c                      0x00000000   Number         0  hrguard.o ABSOLUTE
    ../clib/heapaux.c                        0x00000000   Number         0  heapauxi.o ABSOLUTE
    ../clib/libinit.s                        0x00000000   Number         0  libinit.o ABSOLUTE
    ../clib/libinit.s                        0x00000000   Number         0  libinit2.o ABSOLUTE
    ../clib/libinit.s                        0x00000000   Number         0  libshutdown.o ABSOLUTE
    ../clib/libinit.s                        0x00000000   Number         0  libshutdown2.o ABSOLUTE
    ../clib/memcpset.s                       0x00000000   Number         0  rt_memcpy_v6.o ABSOLUTE
    ../clib/memcpset.s                       0x00000000   Number         0  aeabi_memset4.o ABSOLUTE
    ../clib/memcpset.s                       0x00000000   Number         0  rt_memcpy_w.o ABSOLUTE
    ../clib/memcpset.s                       0x00000000   Number         0  rt_memclr_w.o ABSOLUTE
    ../clib/printf.c                         0x00000000   Number         0  __2sprintf.o ABSOLUTE
    ../clib/printf.c                         0x00000000   Number         0  noretval__2sprintf.o ABSOLUTE
    ../clib/printf.c                         0x00000000   Number         0  __printf.o ABSOLUTE
    ../clib/printf.c                         0x00000000   Number         0  _printf_dec.o ABSOLUTE
    ../clib/printf.c                         0x00000000   Number         0  __printf_flags.o ABSOLUTE
    ../clib/printf.c                         0x00000000   Number         0  __printf_ss.o ABSOLUTE
    ../clib/printf.c                         0x00000000   Number         0  __printf_flags_ss.o ABSOLUTE
    ../clib/printf.c                         0x00000000   Number         0  __printf_wp.o ABSOLUTE
    ../clib/printf.c                         0x00000000   Number         0  __printf_flags_wp.o ABSOLUTE
    ../clib/printf.c                         0x00000000   Number         0  __printf_ss_wp.o ABSOLUTE
    ../clib/printf.c                         0x00000000   Number         0  __printf_flags_ss_wp.o ABSOLUTE
    ../clib/printf.c                         0x00000000   Number         0  _printf_intcommon.o ABSOLUTE
    ../clib/printf.c                         0x00000000   Number         0  _printf_char_common.o ABSOLUTE
    ../clib/printf.c                         0x00000000   Number         0  _sputc.o ABSOLUTE
    ../clib/printf.c                         0x00000000   Number         0  __printf_nopercent.o ABSOLUTE
    ../clib/printf_percent.s                 0x00000000   Number         0  _printf_d.o ABSOLUTE
    ../clib/printf_percent.s                 0x00000000   Number         0  _printf_percent.o ABSOLUTE
    ../clib/printf_percent.s                 0x00000000   Number         0  _printf_percent_end.o ABSOLUTE
    ../clib/signal.c                         0x00000000   Number         0  defsig_rtmem_outer.o ABSOLUTE
    ../clib/signal.c                         0x00000000   Number         0  defsig_rtmem_formal.o ABSOLUTE
    ../clib/signal.c                         0x00000000   Number         0  defsig_exit.o ABSOLUTE
    ../clib/signal.c                         0x00000000   Number         0  defsig_rtmem_inner.o ABSOLUTE
    ../clib/signal.c                         0x00000000   Number         0  __raise.o ABSOLUTE
    ../clib/signal.c                         0x00000000   Number         0  defsig_general.o ABSOLUTE
    ../clib/signal.c                         0x00000000   Number         0  defsig_abrt_inner.o ABSOLUTE
    ../clib/signal.c                         0x00000000   Number         0  defsig_fpe_inner.o ABSOLUTE
    ../clib/signal.c                         0x00000000   Number         0  defsig_rtred_inner.o ABSOLUTE
    ../clib/signal.c                         0x00000000   Number         0  defsig_stak_inner.o ABSOLUTE
    ../clib/signal.c                         0x00000000   Number         0  defsig_pvfn_inner.o ABSOLUTE
    ../clib/signal.c                         0x00000000   Number         0  defsig_cppl_inner.o ABSOLUTE
    ../clib/signal.c                         0x00000000   Number         0  defsig_segv_inner.o ABSOLUTE
    ../clib/signal.c                         0x00000000   Number         0  defsig_other.o ABSOLUTE
    ../clib/signal.s                         0x00000000   Number         0  defsig.o ABSOLUTE
    ../clib/stdlib.c                         0x00000000   Number         0  exit.o ABSOLUTE
    ../clib/string.c                         0x00000000   Number         0  strlen.o ABSOLUTE
    ../fplib/fpinit.s                        0x00000000   Number         0  fpinit.o ABSOLUTE
    DIO.c                                    0x00000000   Number         0  dio.o ABSOLUTE
    LCD.c                                    0x00000000   Number         0  lcd.o ABSOLUTE
    RTE/Device/TM4C123GH6PM/startup_TM4C123.s 0x00000000   Number         0  startup_tm4c123.o ABSOLUTE
    UART.c                                   0x00000000   Number         0  uart.o ABSOLUTE
    dc.s                                     0x00000000   Number         0  dc.o ABSOLUTE
    freertos_evr.c                           0x00000000   Number         0  freertos_evr.o ABSOLUTE
    heap_1.c                                 0x00000000   Number         0  heap_1.o ABSOLUTE
    list.c                                   0x00000000   Number         0  list.o ABSOLUTE
    main.c                                   0x00000000   Number         0  main.o ABSOLUTE
    port.c                                   0x00000000   Number         0  port.o ABSOLUTE
    port_init.c                              0x00000000   Number         0  port_init.o ABSOLUTE
    queue.c                                  0x00000000   Number         0  queue.o ABSOLUTE
    system_TM4C123.c                         0x00000000   Number         0  system_tm4c123.o ABSOLUTE
    tasks.c                                  0x00000000   Number         0  tasks.o ABSOLUTE
    RESET                                    0x00000000   Section      620  startup_tm4c123.o(RESET)
    !!!main                                  0x0000026c   Section        8  __main.o(!!!main)
    !!!scatter                               0x00000274   Section       52  __scatter.o(!!!scatter)
    !!handler_copy                           0x000002a8   Section       26  __scatter_copy.o(!!handler_copy)
    !!handler_zi                             0x000002c4   Section       28  __scatter_zi.o(!!handler_zi)
    .ARM.Collect$$_printf_percent$$00000000  0x000002e0   Section        0  _printf_percent.o(.ARM.Collect$$_printf_percent$$00000000)
    .ARM.Collect$$_printf_percent$$00000009  0x000002e0   Section        6  _printf_d.o(.ARM.Collect$$_printf_percent$$00000009)
    .ARM.Collect$$_printf_percent$$00000017  0x000002e6   Section        4  _printf_percent_end.o(.ARM.Collect$$_printf_percent$$00000017)
    .ARM.Collect$$libinit$$00000000          0x000002ea   Section        2  libinit.o(.ARM.Collect$$libinit$$00000000)
    .ARM.Collect$$libinit$$00000001          0x000002ec   Section        4  libinit2.o(.ARM.Collect$$libinit$$00000001)
    .ARM.Collect$$libinit$$00000004          0x000002f0   Section        0  libinit2.o(.ARM.Collect$$libinit$$00000004)
    .ARM.Collect$$libinit$$0000000A          0x000002f0   Section        0  libinit2.o(.ARM.Collect$$libinit$$0000000A)
    .ARM.Collect$$libinit$$0000000C          0x000002f0   Section        0  libinit2.o(.ARM.Collect$$libinit$$0000000C)
    .ARM.Collect$$libinit$$0000000E          0x000002f0   Section        0  libinit2.o(.ARM.Collect$$libinit$$0000000E)
    .ARM.Collect$$libinit$$00000011          0x000002f0   Section        0  libinit2.o(.ARM.Collect$$libinit$$00000011)
    .ARM.Collect$$libinit$$00000013          0x000002f0   Section        0  libinit2.o(.ARM.Collect$$libinit$$00000013)
    .ARM.Collect$$libinit$$00000015          0x000002f0   Section        0  libinit2.o(.ARM.Collect$$libinit$$00000015)
    .ARM.Collect$$libinit$$00000017          0x000002f0   Section        0  libinit2.o(.ARM.Collect$$libinit$$00000017)
    .ARM.Collect$$libinit$$00000019          0x000002f0   Section        0  libinit2.o(.ARM.Collect$$libinit$$00000019)
    .ARM.Collect$$libinit$$0000001B          0x000002f0   Section        0  libinit2.o(.ARM.Collect$$libinit$$0000001B)
    .ARM.Collect$$libinit$$0000001D          0x000002f0   Section        0  libinit2.o(.ARM.Collect$$libinit$$0000001D)
    .ARM.Collect$$libinit$$0000001F          0x000002f0   Section        0  libinit2.o(.ARM.Collect$$libinit$$0000001F)
    .ARM.Collect$$libinit$$00000021          0x000002f0   Section        0  libinit2.o(.ARM.Collect$$libinit$$00000021)
    .ARM.Collect$$libinit$$00000023          0x000002f0   Section        0  libinit2.o(.ARM.Collect$$libinit$$00000023)
    .ARM.Collect$$libinit$$00000025          0x000002f0   Section        0  libinit2.o(.ARM.Collect$$libinit$$00000025)
    .ARM.Collect$$libinit$$0000002C          0x000002f0   Section        0  libinit2.o(.ARM.Collect$$libinit$$0000002C)
    .ARM.Collect$$libinit$$0000002E          0x000002f0   Section        0  libinit2.o(.ARM.Collect$$libinit$$0000002E)
    .ARM.Collect$$libinit$$00000030          0x000002f0   Section        0  libinit2.o(.ARM.Collect$$libinit$$00000030)
    .ARM.Collect$$libinit$$00000032          0x000002f0   Section        0  libinit2.o(.ARM.Collect$$libinit$$00000032)
    .ARM.Collect$$libinit$$00000033          0x000002f0   Section        2  libinit2.o(.ARM.Collect$$libinit$$00000033)
    .ARM.Collect$$libshutdown$$00000000      0x000002f2   Section        2  libshutdown.o(.ARM.Collect$$libshutdown$$00000000)
    .ARM.Collect$$libshutdown$$00000002      0x000002f4   Section        0  libshutdown2.o(.ARM.Collect$$libshutdown$$00000002)
    .ARM.Collect$$libshutdown$$00000004      0x000002f4   Section        0  libshutdown2.o(.ARM.Collect$$libshutdown$$00000004)
    .ARM.Collect$$libshutdown$$00000007      0x000002f4   Section        0  libshutdown2.o(.ARM.Collect$$libshutdown$$00000007)
    .ARM.Collect$$libshutdown$$0000000A      0x000002f4   Section        0  libshutdown2.o(.ARM.Collect$$libshutdown$$0000000A)
    .ARM.Collect$$libshutdown$$0000000C      0x000002f4   Section        0  libshutdown2.o(.ARM.Collect$$libshutdown$$0000000C)
    .ARM.Collect$$libshutdown$$0000000F      0x000002f4   Section        0  libshutdown2.o(.ARM.Collect$$libshutdown$$0000000F)
    .ARM.Collect$$libshutdown$$00000010      0x000002f4   Section        2  libshutdown2.o(.ARM.Collect$$libshutdown$$00000010)
    .ARM.Collect$$rtentry$$00000000          0x000002f6   Section        0  __rtentry.o(.ARM.Collect$$rtentry$$00000000)
    .ARM.Collect$$rtentry$$00000002          0x000002f6   Section        0  __rtentry2.o(.ARM.Collect$$rtentry$$00000002)
    .ARM.Collect$$rtentry$$00000004          0x000002f6   Section        6  __rtentry4.o(.ARM.Collect$$rtentry$$00000004)
    .ARM.Collect$$rtentry$$00000009          0x000002fc   Section        0  __rtentry2.o(.ARM.Collect$$rtentry$$00000009)
    .ARM.Collect$$rtentry$$0000000A          0x000002fc   Section        4  __rtentry2.o(.ARM.Collect$$rtentry$$0000000A)
    .ARM.Collect$$rtentry$$0000000C          0x00000300   Section        0  __rtentry2.o(.ARM.Collect$$rtentry$$0000000C)
    .ARM.Collect$$rtentry$$0000000D          0x00000300   Section        8  __rtentry2.o(.ARM.Collect$$rtentry$$0000000D)
    .ARM.Collect$$rtexit$$00000000           0x00000308   Section        2  rtexit.o(.ARM.Collect$$rtexit$$00000000)
    .ARM.Collect$$rtexit$$00000002           0x0000030a   Section        0  rtexit2.o(.ARM.Collect$$rtexit$$00000002)
    .ARM.Collect$$rtexit$$00000003           0x0000030a   Section        4  rtexit2.o(.ARM.Collect$$rtexit$$00000003)
    .ARM.Collect$$rtexit$$00000004           0x0000030e   Section        6  rtexit2.o(.ARM.Collect$$rtexit$$00000004)
    $v0                                      0x00000314   Number         0  startup_tm4c123.o(.text)
    .text                                    0x00000314   Section      276  startup_tm4c123.o(.text)
    .text                                    0x00000428   Section        0  noretval__2sprintf.o(.text)
    .text                                    0x00000450   Section        0  __printf.o(.text)
    .text                                    0x000004b8   Section        0  _printf_dec.o(.text)
    .text                                    0x00000530   Section      138  rt_memcpy_v6.o(.text)
    .text                                    0x000005ba   Section       16  aeabi_memset4.o(.text)
    .text                                    0x000005ca   Section        0  heapauxi.o(.text)
    .text                                    0x000005d0   Section        0  _printf_intcommon.o(.text)
    _printf_input_char                       0x00000685   Thumb Code    10  _printf_char_common.o(.text)
    .text                                    0x00000684   Section        0  _printf_char_common.o(.text)
    .text                                    0x000006b4   Section        0  _sputc.o(.text)
    .text                                    0x000006be   Section      100  rt_memcpy_w.o(.text)
    .text                                    0x00000722   Section       78  rt_memclr_w.o(.text)
    .text                                    0x00000770   Section       74  sys_stackheap_outer.o(.text)
    .text                                    0x000007ba   Section        0  exit.o(.text)
    .text                                    0x000007cc   Section        8  libspace.o(.text)
    .text                                    0x000007d4   Section        0  sys_exit.o(.text)
    .text                                    0x000007e0   Section        2  use_no_semi.o(.text)
    .text                                    0x000007e2   Section        0  indicate_semi.o(.text)
    [Anonymous Symbol]                       0x000007e4   Section        0  main.o(.text.Controller_Task)
    [Anonymous Symbol]                       0x000008cc   Section        0  uart.o(.text.Init_UART)
    [Anonymous Symbol]                       0x00000954   Section        0  lcd.o(.text.LCD4bits_Cmd)
    [Anonymous Symbol]                       0x00000980   Section        0  lcd.o(.text.LCD4bits_Data)
    [Anonymous Symbol]                       0x000009a0   Section        0  lcd.o(.text.LCD4bits_Init)
    [Anonymous Symbol]                       0x000009e4   Section        0  main.o(.text.LCD_TASK)
    [Anonymous Symbol]                       0x00000a7c   Section        0  lcd.o(.text.LCD_Write4bits)
    [Anonymous Symbol]                       0x00000aa8   Section        0  lcd.o(.text.LCD_WriteString)
    [Anonymous Symbol]                       0x00000ad4   Section        0  main.o(.text.LED_TASK)
    [Anonymous Symbol]                       0x00000b10   Section        0  port.o(.text.PendSV_Handler)
    pxCurrentTCBConst                        0x00000b70   Number         0  port.o(.text.PendSV_Handler)
    [Anonymous Symbol]                       0x00000b80   Section        0  port.o(.text.SVC_Handler)
    pxCurrentTCBConst2                       0x00000ba0   Number         0  port.o(.text.SVC_Handler)
    [Anonymous Symbol]                       0x00000ba4   Section        0  port.o(.text.SysTick_Handler)
    [Anonymous Symbol]                       0x00000bd4   Section        0  system_tm4c123.o(.text.SystemInit)
    [Anonymous Symbol]                       0x00000be8   Section        0  uart.o(.text.UART0_Receiver)
    [Anonymous Symbol]                       0x00000bfc   Section        0  uart.o(.text.UART0_Send)
    [Anonymous Symbol]                       0x00000c10   Section        0  main.o(.text.UART_TASK)
    [Anonymous Symbol]                       0x00000cb4   Section        0  lcd.o(.text.delayMs)
    [Anonymous Symbol]                       0x00000cfc   Section        0  lcd.o(.text.delayUs)
    [Anonymous Symbol]                       0x00000d2c   Section        0  port_init.o(.text.init_PE3_and_ADC0)
    [Anonymous Symbol]                       0x00000da0   Section        0  port_init.o(.text.init_portF)
    [Anonymous Symbol]                       0x00000ddc   Section        0  main.o(.text.main)
    [Anonymous Symbol]                       0x00000ec4   Section        0  uart.o(.text.printstring)
    prvAddCurrentTaskToDelayedList           0x00000ee1   Thumb Code   198  tasks.o(.text.prvAddCurrentTaskToDelayedList)
    [Anonymous Symbol]                       0x00000ee0   Section        0  tasks.o(.text.prvAddCurrentTaskToDelayedList)
    prvAddNewTaskToReadyList                 0x00000fa9   Thumb Code   206  tasks.o(.text.prvAddNewTaskToReadyList)
    [Anonymous Symbol]                       0x00000fa8   Section        0  tasks.o(.text.prvAddNewTaskToReadyList)
    prvCheckTasksWaitingTermination          0x00001079   Thumb Code    78  tasks.o(.text.prvCheckTasksWaitingTermination)
    [Anonymous Symbol]                       0x00001078   Section        0  tasks.o(.text.prvCheckTasksWaitingTermination)
    prvCopyDataFromQueue                     0x000010c9   Thumb Code    38  queue.o(.text.prvCopyDataFromQueue)
    [Anonymous Symbol]                       0x000010c8   Section        0  queue.o(.text.prvCopyDataFromQueue)
    prvCopyDataToQueue                       0x000010f1   Thumb Code   122  queue.o(.text.prvCopyDataToQueue)
    [Anonymous Symbol]                       0x000010f0   Section        0  queue.o(.text.prvCopyDataToQueue)
    prvDeleteTCB                             0x0000116d   Thumb Code    18  tasks.o(.text.prvDeleteTCB)
    [Anonymous Symbol]                       0x0000116c   Section        0  tasks.o(.text.prvDeleteTCB)
    prvIdleTask                              0x00001181   Thumb Code    42  tasks.o(.text.prvIdleTask)
    [Anonymous Symbol]                       0x00001180   Section        0  tasks.o(.text.prvIdleTask)
    prvInitialiseNewQueue                    0x000011ad   Thumb Code    36  queue.o(.text.prvInitialiseNewQueue)
    [Anonymous Symbol]                       0x000011ac   Section        0  queue.o(.text.prvInitialiseNewQueue)
    prvInitialiseNewTask                     0x000011d1   Thumb Code   170  tasks.o(.text.prvInitialiseNewTask)
    [Anonymous Symbol]                       0x000011d0   Section        0  tasks.o(.text.prvInitialiseNewTask)
    prvInitialiseTaskLists                   0x0000127d   Thumb Code   110  tasks.o(.text.prvInitialiseTaskLists)
    [Anonymous Symbol]                       0x0000127c   Section        0  tasks.o(.text.prvInitialiseTaskLists)
    prvIsQueueEmpty                          0x000012ed   Thumb Code    24  queue.o(.text.prvIsQueueEmpty)
    [Anonymous Symbol]                       0x000012ec   Section        0  queue.o(.text.prvIsQueueEmpty)
    prvIsQueueFull                           0x00001305   Thumb Code    28  queue.o(.text.prvIsQueueFull)
    [Anonymous Symbol]                       0x00001304   Section        0  queue.o(.text.prvIsQueueFull)
    prvNotifyQueueSetContainer               0x00001321   Thumb Code   142  queue.o(.text.prvNotifyQueueSetContainer)
    [Anonymous Symbol]                       0x00001320   Section        0  queue.o(.text.prvNotifyQueueSetContainer)
    prvPortStartFirstTask                    0x000013b1   Thumb Code    40  port.o(.text.prvPortStartFirstTask)
    [Anonymous Symbol]                       0x000013b0   Section        0  port.o(.text.prvPortStartFirstTask)
    prvResetNextTaskUnblockTime              0x000013d9   Thumb Code    38  tasks.o(.text.prvResetNextTaskUnblockTime)
    [Anonymous Symbol]                       0x000013d8   Section        0  tasks.o(.text.prvResetNextTaskUnblockTime)
    prvTaskExitError                         0x00001401   Thumb Code    50  port.o(.text.prvTaskExitError)
    [Anonymous Symbol]                       0x00001400   Section        0  port.o(.text.prvTaskExitError)
    prvUnlockQueue                           0x00001435   Thumb Code   134  queue.o(.text.prvUnlockQueue)
    [Anonymous Symbol]                       0x00001434   Section        0  queue.o(.text.prvUnlockQueue)
    [Anonymous Symbol]                       0x000014bc   Section        0  heap_1.o(.text.pvPortMalloc)
    [Anonymous Symbol]                       0x00001528   Section        0  port.o(.text.pxPortInitialiseStack)
    [Anonymous Symbol]                       0x00001550   Section        0  list.o(.text.uxListRemove)
    [Anonymous Symbol]                       0x00001574   Section        0  list.o(.text.vListInitialise)
    [Anonymous Symbol]                       0x0000158c   Section        0  list.o(.text.vListInitialiseItem)
    [Anonymous Symbol]                       0x00001594   Section        0  list.o(.text.vListInsert)
    vPortEnableVFP                           0x000015d1   Thumb Code    20  port.o(.text.vPortEnableVFP)
    [Anonymous Symbol]                       0x000015d0   Section        0  port.o(.text.vPortEnableVFP)
    [Anonymous Symbol]                       0x000015e4   Section        0  port.o(.text.vPortEnterCritical)
    [Anonymous Symbol]                       0x0000162c   Section        0  port.o(.text.vPortExitCritical)
    [Anonymous Symbol]                       0x0000165c   Section        0  heap_1.o(.text.vPortFree)
    [Anonymous Symbol]                       0x00001678   Section        0  port.o(.text.vPortSetupTimerInterrupt)
    [Anonymous Symbol]                       0x000016ac   Section        0  tasks.o(.text.vTaskDelay)
    [Anonymous Symbol]                       0x00001700   Section        0  tasks.o(.text.vTaskInternalSetTimeOutState)
    [Anonymous Symbol]                       0x0000171c   Section        0  tasks.o(.text.vTaskMissedYield)
    [Anonymous Symbol]                       0x0000172c   Section        0  tasks.o(.text.vTaskPlaceOnEventList)
    [Anonymous Symbol]                       0x00001760   Section        0  tasks.o(.text.vTaskStartScheduler)
    [Anonymous Symbol]                       0x000017f4   Section        0  tasks.o(.text.vTaskSuspendAll)
    __tagsym$$used.0                         0x00001804   Number         0  tasks.o(.text.vTaskSwitchContext)
    [Anonymous Symbol]                       0x00001804   Section        0  tasks.o(.text.vTaskSwitchContext)
    [Anonymous Symbol]                       0x0000188c   Section        0  port.o(.text.xPortStartScheduler)
    [Anonymous Symbol]                       0x000019a0   Section        0  queue.o(.text.xQueueGenericCreate)
    [Anonymous Symbol]                       0x000019f4   Section        0  queue.o(.text.xQueueGenericReset)
    [Anonymous Symbol]                       0x00001aa8   Section        0  queue.o(.text.xQueueGenericSend)
    [Anonymous Symbol]                       0x00001c78   Section        0  queue.o(.text.xQueueReceive)
    [Anonymous Symbol]                       0x00001dfc   Section        0  tasks.o(.text.xTaskCheckForTimeOut)
    [Anonymous Symbol]                       0x00001ea4   Section        0  tasks.o(.text.xTaskCreate)
    [Anonymous Symbol]                       0x00001f04   Section        0  tasks.o(.text.xTaskGetSchedulerState)
    [Anonymous Symbol]                       0x00001f2c   Section        0  tasks.o(.text.xTaskIncrementTick)
    [Anonymous Symbol]                       0x000020d8   Section        0  tasks.o(.text.xTaskPriorityDisinherit)
    [Anonymous Symbol]                       0x0000219c   Section        0  tasks.o(.text.xTaskRemoveFromEventList)
    [Anonymous Symbol]                       0x0000228c   Section        0  tasks.o(.text.xTaskResumeAll)
    $v0                                      0x000023f8   Number         0  fpinit.o(x$fpl$fpinit)
    x$fpl$fpinit                             0x000023f8   Section       26  fpinit.o(x$fpl$fpinit)
    .L.str.6                                 0x00002412   Data           9  main.o(.rodata.str1.1)
    [Anonymous Symbol]                       0x00002412   Section        0  main.o(.rodata.str1.1)
    .L.str.3                                 0x0000241b   Data           3  main.o(.rodata.str1.1)
    uxCriticalNesting                        0x20000004   Data           4  port.o(.data.uxCriticalNesting)
    [Anonymous Symbol]                       0x20000004   Section        0  port.o(.data.uxCriticalNesting)
    .bss                                     0x20000008   Section       96  libspace.o(.bss)
    pvPortMalloc.pucAlignedHeap              0x20000068   Data           4  heap_1.o(.bss.pvPortMalloc.pucAlignedHeap)
    [Anonymous Symbol]                       0x20000068   Section        0  heap_1.o(.bss.pvPortMalloc.pucAlignedHeap)
    pxDelayedTaskList                        0x20000070   Data           4  tasks.o(.bss.pxDelayedTaskList)
    [Anonymous Symbol]                       0x20000070   Section        0  tasks.o(.bss.pxDelayedTaskList)
    pxOverflowDelayedTaskList                0x20000074   Data           4  tasks.o(.bss.pxOverflowDelayedTaskList)
    [Anonymous Symbol]                       0x20000074   Section        0  tasks.o(.bss.pxOverflowDelayedTaskList)
    pxReadyTasksLists                        0x20000078   Data         100  tasks.o(.bss.pxReadyTasksLists)
    [Anonymous Symbol]                       0x20000078   Section        0  tasks.o(.bss.pxReadyTasksLists)
    ucHeap                                   0x200000dc   Data        8192  heap_1.o(.bss.ucHeap)
    [Anonymous Symbol]                       0x200000dc   Section        0  heap_1.o(.bss.ucHeap)
    ucMaxSysCallPriority                     0x200020dc   Data           1  port.o(.bss.ucMaxSysCallPriority)
    [Anonymous Symbol]                       0x200020dc   Section        0  port.o(.bss.ucMaxSysCallPriority)
    ulMaxPRIGROUPValue                       0x200020e0   Data           4  port.o(.bss.ulMaxPRIGROUPValue)
    [Anonymous Symbol]                       0x200020e0   Section        0  port.o(.bss.ulMaxPRIGROUPValue)
    uxCurrentNumberOfTasks                   0x200020e4   Data           4  tasks.o(.bss.uxCurrentNumberOfTasks)
    [Anonymous Symbol]                       0x200020e4   Section        0  tasks.o(.bss.uxCurrentNumberOfTasks)
    uxDeletedTasksWaitingCleanUp             0x200020e8   Data           4  tasks.o(.bss.uxDeletedTasksWaitingCleanUp)
    [Anonymous Symbol]                       0x200020e8   Section        0  tasks.o(.bss.uxDeletedTasksWaitingCleanUp)
    uxSchedulerSuspended                     0x200020ec   Data           4  tasks.o(.bss.uxSchedulerSuspended)
    [Anonymous Symbol]                       0x200020ec   Section        0  tasks.o(.bss.uxSchedulerSuspended)
    uxTaskNumber                             0x200020f0   Data           4  tasks.o(.bss.uxTaskNumber)
    [Anonymous Symbol]                       0x200020f0   Section        0  tasks.o(.bss.uxTaskNumber)
    uxTopReadyPriority                       0x200020f4   Data           4  tasks.o(.bss.uxTopReadyPriority)
    [Anonymous Symbol]                       0x200020f4   Section        0  tasks.o(.bss.uxTopReadyPriority)
    xDelayedTaskList1                        0x200020f8   Data          20  tasks.o(.bss.xDelayedTaskList1)
    [Anonymous Symbol]                       0x200020f8   Section        0  tasks.o(.bss.xDelayedTaskList1)
    xDelayedTaskList2                        0x2000210c   Data          20  tasks.o(.bss.xDelayedTaskList2)
    [Anonymous Symbol]                       0x2000210c   Section        0  tasks.o(.bss.xDelayedTaskList2)
    xIdleTaskHandle                          0x20002120   Data           4  tasks.o(.bss.xIdleTaskHandle)
    [Anonymous Symbol]                       0x20002120   Section        0  tasks.o(.bss.xIdleTaskHandle)
    xNextFreeByte                            0x20002124   Data           4  heap_1.o(.bss.xNextFreeByte)
    [Anonymous Symbol]                       0x20002124   Section        0  heap_1.o(.bss.xNextFreeByte)
    xNextTaskUnblockTime                     0x20002128   Data           4  tasks.o(.bss.xNextTaskUnblockTime)
    [Anonymous Symbol]                       0x20002128   Section        0  tasks.o(.bss.xNextTaskUnblockTime)
    xNumOfOverflows                          0x2000212c   Data           4  tasks.o(.bss.xNumOfOverflows)
    [Anonymous Symbol]                       0x2000212c   Section        0  tasks.o(.bss.xNumOfOverflows)
    xPendedTicks                             0x20002130   Data           4  tasks.o(.bss.xPendedTicks)
    [Anonymous Symbol]                       0x20002130   Section        0  tasks.o(.bss.xPendedTicks)
    xPendingReadyList                        0x20002134   Data          20  tasks.o(.bss.xPendingReadyList)
    [Anonymous Symbol]                       0x20002134   Section        0  tasks.o(.bss.xPendingReadyList)
    xSchedulerRunning                        0x20002154   Data           4  tasks.o(.bss.xSchedulerRunning)
    [Anonymous Symbol]                       0x20002154   Section        0  tasks.o(.bss.xSchedulerRunning)
    xSuspendedTaskList                       0x20002158   Data          20  tasks.o(.bss.xSuspendedTaskList)
    [Anonymous Symbol]                       0x20002158   Section        0  tasks.o(.bss.xSuspendedTaskList)
    xTasksWaitingTermination                 0x2000216c   Data          20  tasks.o(.bss.xTasksWaitingTermination)
    [Anonymous Symbol]                       0x2000216c   Section        0  tasks.o(.bss.xTasksWaitingTermination)
    xTickCount                               0x20002180   Data           4  tasks.o(.bss.xTickCount)
    [Anonymous Symbol]                       0x20002180   Section        0  tasks.o(.bss.xTickCount)
    xYieldPending                            0x20002184   Data           4  tasks.o(.bss.xYieldPending)
    [Anonymous Symbol]                       0x20002184   Section        0  tasks.o(.bss.xYieldPending)
    Heap_Mem                                 0x20002188   Data           0  startup_tm4c123.o(HEAP)
    Stack_Mem                                0x20002188   Data         512  startup_tm4c123.o(STACK)
    HEAP                                     0x20002188   Section        0  startup_tm4c123.o(HEAP)
    STACK                                    0x20002188   Section      512  startup_tm4c123.o(STACK)
    __initial_sp                             0x20002388   Data           0  startup_tm4c123.o(STACK)

    Global Symbols

    Symbol Name                              Value     Ov Type        Size  Object(Section)

    BuildAttributes$$THM_ISAv4$E$P$D$K$B$S$7EM$VFPi3$EXTD16$VFPS$VFMA$PE$A:L22UL41UL21$X:L11$S22US41US21$IEEE1$IW$~IW$USESV6$~STKCKD$USESV7$~SHL$OTIME$ROPI$EBA8$UX$STANDARDLIB$REQ8$PRES8$EABIv2 0x00000000   Number         0  anon$$obj.o ABSOLUTE
    __Vectors                                0x00000000   Data           4  startup_tm4c123.o(RESET)
    __ARM_exceptions_init                     - Undefined Weak Reference
    __alloca_initialize                       - Undefined Weak Reference
    __arm_preinit_                            - Undefined Weak Reference
    __cpp_initialize__aeabi_                  - Undefined Weak Reference
    __cxa_finalize                            - Undefined Weak Reference
    __rt_locale                               - Undefined Weak Reference
    __sigvec_lookup                           - Undefined Weak Reference
    _atexit_init                              - Undefined Weak Reference
    _call_atexit_fns                          - Undefined Weak Reference
    _clock_init                               - Undefined Weak Reference
    _fp_trap_init                             - Undefined Weak Reference
    _fp_trap_shutdown                         - Undefined Weak Reference
    _get_lc_collate                           - Undefined Weak Reference
    _get_lc_ctype                             - Undefined Weak Reference
    _get_lc_monetary                          - Undefined Weak Reference
    _get_lc_numeric                           - Undefined Weak Reference
    _get_lc_time                              - Undefined Weak Reference
    _getenv_init                              - Undefined Weak Reference
    _handle_redirection                       - Undefined Weak Reference
    _init_alloc                               - Undefined Weak Reference
    _init_user_alloc                          - Undefined Weak Reference
    _initio                                   - Undefined Weak Reference
    _printf_post_padding                      - Undefined Weak Reference
    _printf_pre_padding                       - Undefined Weak Reference
    _printf_truncate_signed                   - Undefined Weak Reference
    _printf_truncate_unsigned                 - Undefined Weak Reference
    _rand_init                                - Undefined Weak Reference
    _signal_finish                            - Undefined Weak Reference
    _signal_init                              - Undefined Weak Reference
    _terminate_alloc                          - Undefined Weak Reference
    _terminate_user_alloc                     - Undefined Weak Reference
    _terminateio                              - Undefined Weak Reference
    __Vectors_End                            0x0000026c   Data           0  startup_tm4c123.o(RESET)
    __Vectors_Size                           0x0000026c   Number         0  startup_tm4c123.o ABSOLUTE
    __main                                   0x0000026d   Thumb Code     8  __main.o(!!!main)
    __scatterload                            0x00000275   Thumb Code     0  __scatter.o(!!!scatter)
    __scatterload_rt2                        0x00000275   Thumb Code    44  __scatter.o(!!!scatter)
    __scatterload_rt2_thumb_only             0x00000275   Thumb Code     0  __scatter.o(!!!scatter)
    __scatterload_null                       0x00000283   Thumb Code     0  __scatter.o(!!!scatter)
    __scatterload_copy                       0x000002a9   Thumb Code    26  __scatter_copy.o(!!handler_copy)
    __scatterload_zeroinit                   0x000002c5   Thumb Code    28  __scatter_zi.o(!!handler_zi)
    _printf_d                                0x000002e1   Thumb Code     0  _printf_d.o(.ARM.Collect$$_printf_percent$$00000009)
    _printf_percent                          0x000002e1   Thumb Code     0  _printf_percent.o(.ARM.Collect$$_printf_percent$$00000000)
    _printf_percent_end                      0x000002e7   Thumb Code     0  _printf_percent_end.o(.ARM.Collect$$_printf_percent$$00000017)
    __rt_lib_init                            0x000002eb   Thumb Code     0  libinit.o(.ARM.Collect$$libinit$$00000000)
    __rt_lib_init_fp_1                       0x000002ed   Thumb Code     0  libinit2.o(.ARM.Collect$$libinit$$00000001)
    __rt_lib_init_alloca_1                   0x000002f1   Thumb Code     0  libinit2.o(.ARM.Collect$$libinit$$0000002E)
    __rt_lib_init_argv_1                     0x000002f1   Thumb Code     0  libinit2.o(.ARM.Collect$$libinit$$0000002C)
    __rt_lib_init_atexit_1                   0x000002f1   Thumb Code     0  libinit2.o(.ARM.Collect$$libinit$$0000001B)
    __rt_lib_init_clock_1                    0x000002f1   Thumb Code     0  libinit2.o(.ARM.Collect$$libinit$$00000021)
    __rt_lib_init_cpp_1                      0x000002f1   Thumb Code     0  libinit2.o(.ARM.Collect$$libinit$$00000032)
    __rt_lib_init_exceptions_1               0x000002f1   Thumb Code     0  libinit2.o(.ARM.Collect$$libinit$$00000030)
    __rt_lib_init_fp_trap_1                  0x000002f1   Thumb Code     0  libinit2.o(.ARM.Collect$$libinit$$0000001F)
    __rt_lib_init_getenv_1                   0x000002f1   Thumb Code     0  libinit2.o(.ARM.Collect$$libinit$$00000023)
    __rt_lib_init_heap_1                     0x000002f1   Thumb Code     0  libinit2.o(.ARM.Collect$$libinit$$0000000A)
    __rt_lib_init_lc_collate_1               0x000002f1   Thumb Code     0  libinit2.o(.ARM.Collect$$libinit$$00000011)
    __rt_lib_init_lc_ctype_1                 0x000002f1   Thumb Code     0  libinit2.o(.ARM.Collect$$libinit$$00000013)
    __rt_lib_init_lc_monetary_1              0x000002f1   Thumb Code     0  libinit2.o(.ARM.Collect$$libinit$$00000015)
    __rt_lib_init_lc_numeric_1               0x000002f1   Thumb Code     0  libinit2.o(.ARM.Collect$$libinit$$00000017)
    __rt_lib_init_lc_time_1                  0x000002f1   Thumb Code     0  libinit2.o(.ARM.Collect$$libinit$$00000019)
    __rt_lib_init_preinit_1                  0x000002f1   Thumb Code     0  libinit2.o(.ARM.Collect$$libinit$$00000004)
    __rt_lib_init_rand_1                     0x000002f1   Thumb Code     0  libinit2.o(.ARM.Collect$$libinit$$0000000E)
    __rt_lib_init_return                     0x000002f1   Thumb Code     0  libinit2.o(.ARM.Collect$$libinit$$00000033)
    __rt_lib_init_signal_1                   0x000002f1   Thumb Code     0  libinit2.o(.ARM.Collect$$libinit$$0000001D)
    __rt_lib_init_stdio_1                    0x000002f1   Thumb Code     0  libinit2.o(.ARM.Collect$$libinit$$00000025)
    __rt_lib_init_user_alloc_1               0x000002f1   Thumb Code     0  libinit2.o(.ARM.Collect$$libinit$$0000000C)
    __rt_lib_shutdown                        0x000002f3   Thumb Code     0  libshutdown.o(.ARM.Collect$$libshutdown$$00000000)
    __rt_lib_shutdown_cpp_1                  0x000002f5   Thumb Code     0  libshutdown2.o(.ARM.Collect$$libshutdown$$00000002)
    __rt_lib_shutdown_fp_trap_1              0x000002f5   Thumb Code     0  libshutdown2.o(.ARM.Collect$$libshutdown$$00000007)
    __rt_lib_shutdown_heap_1                 0x000002f5   Thumb Code     0  libshutdown2.o(.ARM.Collect$$libshutdown$$0000000F)
    __rt_lib_shutdown_return                 0x000002f5   Thumb Code     0  libshutdown2.o(.ARM.Collect$$libshutdown$$00000010)
    __rt_lib_shutdown_signal_1               0x000002f5   Thumb Code     0  libshutdown2.o(.ARM.Collect$$libshutdown$$0000000A)
    __rt_lib_shutdown_stdio_1                0x000002f5   Thumb Code     0  libshutdown2.o(.ARM.Collect$$libshutdown$$00000004)
    __rt_lib_shutdown_user_alloc_1           0x000002f5   Thumb Code     0  libshutdown2.o(.ARM.Collect$$libshutdown$$0000000C)
    __rt_entry                               0x000002f7   Thumb Code     0  __rtentry.o(.ARM.Collect$$rtentry$$00000000)
    __rt_entry_presh_1                       0x000002f7   Thumb Code     0  __rtentry2.o(.ARM.Collect$$rtentry$$00000002)
    __rt_entry_sh                            0x000002f7   Thumb Code     0  __rtentry4.o(.ARM.Collect$$rtentry$$00000004)
    __rt_entry_li                            0x000002fd   Thumb Code     0  __rtentry2.o(.ARM.Collect$$rtentry$$0000000A)
    __rt_entry_postsh_1                      0x000002fd   Thumb Code     0  __rtentry2.o(.ARM.Collect$$rtentry$$00000009)
    __rt_entry_main                          0x00000301   Thumb Code     0  __rtentry2.o(.ARM.Collect$$rtentry$$0000000D)
    __rt_entry_postli_1                      0x00000301   Thumb Code     0  __rtentry2.o(.ARM.Collect$$rtentry$$0000000C)
    __rt_exit                                0x00000309   Thumb Code     0  rtexit.o(.ARM.Collect$$rtexit$$00000000)
    __rt_exit_ls                             0x0000030b   Thumb Code     0  rtexit2.o(.ARM.Collect$$rtexit$$00000003)
    __rt_exit_prels_1                        0x0000030b   Thumb Code     0  rtexit2.o(.ARM.Collect$$rtexit$$00000002)
    __rt_exit_exit                           0x0000030f   Thumb Code     0  rtexit2.o(.ARM.Collect$$rtexit$$00000004)
    Reset_Handler                            0x00000315   Thumb Code     8  startup_tm4c123.o(.text)
    NMI_Handler                              0x0000031d   Thumb Code     2  startup_tm4c123.o(.text)
    HardFault_Handler                        0x0000031f   Thumb Code     2  startup_tm4c123.o(.text)
    MemManage_Handler                        0x00000321   Thumb Code     2  startup_tm4c123.o(.text)
    BusFault_Handler                         0x00000323   Thumb Code     2  startup_tm4c123.o(.text)
    UsageFault_Handler                       0x00000325   Thumb Code     2  startup_tm4c123.o(.text)
    DebugMon_Handler                         0x00000329   Thumb Code     2  startup_tm4c123.o(.text)
    GPIOA_Handler                            0x0000032f   Thumb Code     2  startup_tm4c123.o(.text)
    GPIOB_Handler                            0x00000331   Thumb Code     2  startup_tm4c123.o(.text)
    GPIOC_Handler                            0x00000333   Thumb Code     2  startup_tm4c123.o(.text)
    GPIOD_Handler                            0x00000335   Thumb Code     2  startup_tm4c123.o(.text)
    GPIOE_Handler                            0x00000337   Thumb Code     2  startup_tm4c123.o(.text)
    UART0_Handler                            0x00000339   Thumb Code     2  startup_tm4c123.o(.text)
    UART1_Handler                            0x0000033b   Thumb Code     2  startup_tm4c123.o(.text)
    SSI0_Handler                             0x0000033d   Thumb Code     2  startup_tm4c123.o(.text)
    I2C0_Handler                             0x0000033f   Thumb Code     2  startup_tm4c123.o(.text)
    PMW0_FAULT_Handler                       0x00000341   Thumb Code     2  startup_tm4c123.o(.text)
    PWM0_0_Handler                           0x00000343   Thumb Code     2  startup_tm4c123.o(.text)
    PWM0_1_Handler                           0x00000345   Thumb Code     2  startup_tm4c123.o(.text)
    PWM0_2_Handler                           0x00000347   Thumb Code     2  startup_tm4c123.o(.text)
    QEI0_Handler                             0x00000349   Thumb Code     2  startup_tm4c123.o(.text)
    ADC0SS0_Handler                          0x0000034b   Thumb Code     2  startup_tm4c123.o(.text)
    ADC0SS1_Handler                          0x0000034d   Thumb Code     2  startup_tm4c123.o(.text)
    ADC0SS2_Handler                          0x0000034f   Thumb Code     2  startup_tm4c123.o(.text)
    ADC0SS3_Handler                          0x00000351   Thumb Code     2  startup_tm4c123.o(.text)
    WDT0_Handler                             0x00000353   Thumb Code     2  startup_tm4c123.o(.text)
    TIMER0A_Handler                          0x00000355   Thumb Code     2  startup_tm4c123.o(.text)
    TIMER0B_Handler                          0x00000357   Thumb Code     2  startup_tm4c123.o(.text)
    TIMER1A_Handler                          0x00000359   Thumb Code     2  startup_tm4c123.o(.text)
    TIMER1B_Handler                          0x0000035b   Thumb Code     2  startup_tm4c123.o(.text)
    TIMER2A_Handler                          0x0000035d   Thumb Code     2  startup_tm4c123.o(.text)
    TIMER2B_Handler                          0x0000035f   Thumb Code     2  startup_tm4c123.o(.text)
    COMP0_Handler                            0x00000361   Thumb Code     2  startup_tm4c123.o(.text)
    COMP1_Handler                            0x00000363   Thumb Code     2  startup_tm4c123.o(.text)
    COMP2_Handler                            0x00000365   Thumb Code     2  startup_tm4c123.o(.text)
    SYSCTL_Handler                           0x00000367   Thumb Code     2  startup_tm4c123.o(.text)
    FLASH_Handler                            0x00000369   Thumb Code     2  startup_tm4c123.o(.text)
    GPIOF_Handler                            0x0000036b   Thumb Code     2  startup_tm4c123.o(.text)
    GPIOG_Handler                            0x0000036d   Thumb Code     2  startup_tm4c123.o(.text)
    GPIOH_Handler                            0x0000036f   Thumb Code     2  startup_tm4c123.o(.text)
    UART2_Handler                            0x00000371   Thumb Code     2  startup_tm4c123.o(.text)
    SSI1_Handler                             0x00000373   Thumb Code     2  startup_tm4c123.o(.text)
    TIMER3A_Handler                          0x00000375   Thumb Code     2  startup_tm4c123.o(.text)
    TIMER3B_Handler                          0x00000377   Thumb Code     2  startup_tm4c123.o(.text)
    I2C1_Handler                             0x00000379   Thumb Code     2  startup_tm4c123.o(.text)
    QEI1_Handler                             0x0000037b   Thumb Code     2  startup_tm4c123.o(.text)
    CAN0_Handler                             0x0000037d   Thumb Code     2  startup_tm4c123.o(.text)
    CAN1_Handler                             0x0000037f   Thumb Code     2  startup_tm4c123.o(.text)
    CAN2_Handler                             0x00000381   Thumb Code     2  startup_tm4c123.o(.text)
    HIB_Handler                              0x00000383   Thumb Code     2  startup_tm4c123.o(.text)
    USB0_Handler                             0x00000385   Thumb Code     2  startup_tm4c123.o(.text)
    PWM0_3_Handler                           0x00000387   Thumb Code     2  startup_tm4c123.o(.text)
    UDMA_Handler                             0x00000389   Thumb Code     2  startup_tm4c123.o(.text)
    UDMAERR_Handler                          0x0000038b   Thumb Code     2  startup_tm4c123.o(.text)
    ADC1SS0_Handler                          0x0000038d   Thumb Code     2  startup_tm4c123.o(.text)
    ADC1SS1_Handler                          0x0000038f   Thumb Code     2  startup_tm4c123.o(.text)
    ADC1SS2_Handler                          0x00000391   Thumb Code     2  startup_tm4c123.o(.text)
    ADC1SS3_Handler                          0x00000393   Thumb Code     2  startup_tm4c123.o(.text)
    GPIOJ_Handler                            0x00000395   Thumb Code     2  startup_tm4c123.o(.text)
    GPIOK_Handler                            0x00000397   Thumb Code     2  startup_tm4c123.o(.text)
    GPIOL_Handler                            0x00000399   Thumb Code     2  startup_tm4c123.o(.text)
    SSI2_Handler                             0x0000039b   Thumb Code     2  startup_tm4c123.o(.text)
    SSI3_Handler                             0x0000039d   Thumb Code     2  startup_tm4c123.o(.text)
    UART3_Handler                            0x0000039f   Thumb Code     2  startup_tm4c123.o(.text)
    UART4_Handler                            0x000003a1   Thumb Code     2  startup_tm4c123.o(.text)
    UART5_Handler                            0x000003a3   Thumb Code     2  startup_tm4c123.o(.text)
    UART6_Handler                            0x000003a5   Thumb Code     2  startup_tm4c123.o(.text)
    UART7_Handler                            0x000003a7   Thumb Code     2  startup_tm4c123.o(.text)
    I2C2_Handler                             0x000003a9   Thumb Code     2  startup_tm4c123.o(.text)
    I2C3_Handler                             0x000003ab   Thumb Code     2  startup_tm4c123.o(.text)
    TIMER4A_Handler                          0x000003ad   Thumb Code     2  startup_tm4c123.o(.text)
    TIMER4B_Handler                          0x000003af   Thumb Code     2  startup_tm4c123.o(.text)
    TIMER5A_Handler                          0x000003b1   Thumb Code     2  startup_tm4c123.o(.text)
    TIMER5B_Handler                          0x000003b3   Thumb Code     2  startup_tm4c123.o(.text)
    WTIMER0A_Handler                         0x000003b5   Thumb Code     2  startup_tm4c123.o(.text)
    WTIMER0B_Handler                         0x000003b7   Thumb Code     2  startup_tm4c123.o(.text)
    WTIMER1A_Handler                         0x000003b9   Thumb Code     2  startup_tm4c123.o(.text)
    WTIMER1B_Handler                         0x000003bb   Thumb Code     2  startup_tm4c123.o(.text)
    WTIMER2A_Handler                         0x000003bd   Thumb Code     2  startup_tm4c123.o(.text)
    WTIMER2B_Handler                         0x000003bf   Thumb Code     2  startup_tm4c123.o(.text)
    WTIMER3A_Handler                         0x000003c1   Thumb Code     2  startup_tm4c123.o(.text)
    WTIMER3B_Handler                         0x000003c3   Thumb Code     2  startup_tm4c123.o(.text)
    WTIMER4A_Handler                         0x000003c5   Thumb Code     2  startup_tm4c123.o(.text)
    WTIMER4B_Handler                         0x000003c7   Thumb Code     2  startup_tm4c123.o(.text)
    WTIMER5A_Handler                         0x000003c9   Thumb Code     2  startup_tm4c123.o(.text)
    WTIMER5B_Handler                         0x000003cb   Thumb Code     2  startup_tm4c123.o(.text)
    FPU_Handler                              0x000003cd   Thumb Code     2  startup_tm4c123.o(.text)
    I2C4_Handler                             0x000003cf   Thumb Code     2  startup_tm4c123.o(.text)
    I2C5_Handler                             0x000003d1   Thumb Code     2  startup_tm4c123.o(.text)
    GPIOM_Handler                            0x000003d3   Thumb Code     2  startup_tm4c123.o(.text)
    GPION_Handler                            0x000003d5   Thumb Code     2  startup_tm4c123.o(.text)
    QEI2_Handler                             0x000003d7   Thumb Code     2  startup_tm4c123.o(.text)
    GPIOP0_Handler                           0x000003d9   Thumb Code     2  startup_tm4c123.o(.text)
    GPIOP1_Handler                           0x000003db   Thumb Code     2  startup_tm4c123.o(.text)
    GPIOP2_Handler                           0x000003dd   Thumb Code     2  startup_tm4c123.o(.text)
    GPIOP3_Handler                           0x000003df   Thumb Code     2  startup_tm4c123.o(.text)
    GPIOP4_Handler                           0x000003e1   Thumb Code     2  startup_tm4c123.o(.text)
    GPIOP5_Handler                           0x000003e3   Thumb Code     2  startup_tm4c123.o(.text)
    GPIOP6_Handler                           0x000003e5   Thumb Code     2  startup_tm4c123.o(.text)
    GPIOP7_Handler                           0x000003e7   Thumb Code     2  startup_tm4c123.o(.text)
    GPIOQ0_Handler                           0x000003e9   Thumb Code     2  startup_tm4c123.o(.text)
    GPIOQ1_Handler                           0x000003eb   Thumb Code     2  startup_tm4c123.o(.text)
    GPIOQ2_Handler                           0x000003ed   Thumb Code     2  startup_tm4c123.o(.text)
    GPIOQ3_Handler                           0x000003ef   Thumb Code     2  startup_tm4c123.o(.text)
    GPIOQ4_Handler                           0x000003f1   Thumb Code     2  startup_tm4c123.o(.text)
    GPIOQ5_Handler                           0x000003f3   Thumb Code     2  startup_tm4c123.o(.text)
    GPIOQ6_Handler                           0x000003f5   Thumb Code     2  startup_tm4c123.o(.text)
    GPIOQ7_Handler                           0x000003f7   Thumb Code     2  startup_tm4c123.o(.text)
    GPIOR_Handler                            0x000003f9   Thumb Code     2  startup_tm4c123.o(.text)
    GPIOS_Handler                            0x000003fb   Thumb Code     2  startup_tm4c123.o(.text)
    PMW1_0_Handler                           0x000003fd   Thumb Code     2  startup_tm4c123.o(.text)
    PWM1_1_Handler                           0x000003ff   Thumb Code     2  startup_tm4c123.o(.text)
    PWM1_2_Handler                           0x00000401   Thumb Code     2  startup_tm4c123.o(.text)
    PWM1_3_Handler                           0x00000403   Thumb Code     2  startup_tm4c123.o(.text)
    PWM1_FAULT_Handler                       0x00000405   Thumb Code     2  startup_tm4c123.o(.text)
    __user_initial_stackheap                 0x00000409   Thumb Code     0  startup_tm4c123.o(.text)
    __2sprintf                               0x00000429   Thumb Code    34  noretval__2sprintf.o(.text)
    __printf                                 0x00000451   Thumb Code   104  __printf.o(.text)
    _printf_int_dec                          0x000004b9   Thumb Code   104  _printf_dec.o(.text)
    __aeabi_memcpy                           0x00000531   Thumb Code     0  rt_memcpy_v6.o(.text)
    __rt_memcpy                              0x00000531   Thumb Code   138  rt_memcpy_v6.o(.text)
    _memcpy_lastbytes                        0x00000597   Thumb Code     0  rt_memcpy_v6.o(.text)
    __aeabi_memset4                          0x000005bb   Thumb Code    16  aeabi_memset4.o(.text)
    __aeabi_memset8                          0x000005bb   Thumb Code     0  aeabi_memset4.o(.text)
    __use_two_region_memory                  0x000005cb   Thumb Code     2  heapauxi.o(.text)
    __rt_heap_escrow$2region                 0x000005cd   Thumb Code     2  heapauxi.o(.text)
    __rt_heap_expand$2region                 0x000005cf   Thumb Code     2  heapauxi.o(.text)
    _printf_int_common                       0x000005d1   Thumb Code   178  _printf_intcommon.o(.text)
    _printf_char_common                      0x0000068f   Thumb Code    32  _printf_char_common.o(.text)
    _sputc                                   0x000006b5   Thumb Code    10  _sputc.o(.text)
    __aeabi_memcpy4                          0x000006bf   Thumb Code     0  rt_memcpy_w.o(.text)
    __aeabi_memcpy8                          0x000006bf   Thumb Code     0  rt_memcpy_w.o(.text)
    __rt_memcpy_w                            0x000006bf   Thumb Code   100  rt_memcpy_w.o(.text)
    _memcpy_lastbytes_aligned                0x00000707   Thumb Code     0  rt_memcpy_w.o(.text)
    __aeabi_memclr4                          0x00000723   Thumb Code     0  rt_memclr_w.o(.text)
    __aeabi_memclr8                          0x00000723   Thumb Code     0  rt_memclr_w.o(.text)
    __rt_memclr_w                            0x00000723   Thumb Code     0  rt_memclr_w.o(.text)
    _memset_w                                0x00000727   Thumb Code    74  rt_memclr_w.o(.text)
    __user_setup_stackheap                   0x00000771   Thumb Code    74  sys_stackheap_outer.o(.text)
    exit                                     0x000007bb   Thumb Code    18  exit.o(.text)
    __user_libspace                          0x000007cd   Thumb Code     8  libspace.o(.text)
    __user_perproc_libspace                  0x000007cd   Thumb Code     0  libspace.o(.text)
    __user_perthread_libspace                0x000007cd   Thumb Code     0  libspace.o(.text)
    _sys_exit                                0x000007d5   Thumb Code     8  sys_exit.o(.text)
    __I$use$semihosting                      0x000007e1   Thumb Code     0  use_no_semi.o(.text)
    __use_no_semihosting_swi                 0x000007e1   Thumb Code     2  use_no_semi.o(.text)
    __semihosting_library_function           0x000007e3   Thumb Code     0  indicate_semi.o(.text)
    Controller_Task                          0x000007e5   Thumb Code   230  main.o(.text.Controller_Task)
    Init_UART                                0x000008cd   Thumb Code   136  uart.o(.text.Init_UART)
    LCD4bits_Cmd                             0x00000955   Thumb Code    44  lcd.o(.text.LCD4bits_Cmd)
    LCD4bits_Data                            0x00000981   Thumb Code    32  lcd.o(.text.LCD4bits_Data)
    LCD4bits_Init                            0x000009a1   Thumb Code    66  lcd.o(.text.LCD4bits_Init)
    LCD_TASK                                 0x000009e5   Thumb Code   128  main.o(.text.LCD_TASK)
    LCD_Write4bits                           0x00000a7d   Thumb Code    42  lcd.o(.text.LCD_Write4bits)
    LCD_WriteString                          0x00000aa9   Thumb Code    42  lcd.o(.text.LCD_WriteString)
    LED_TASK                                 0x00000ad5   Thumb Code    54  main.o(.text.LED_TASK)
    PendSV_Handler                           0x00000b11   Thumb Code   100  port.o(.text.PendSV_Handler)
    SVC_Handler                              0x00000b81   Thumb Code    36  port.o(.text.SVC_Handler)
    SysTick_Handler                          0x00000ba5   Thumb Code    46  port.o(.text.SysTick_Handler)
    SystemInit                               0x00000bd5   Thumb Code    18  system_tm4c123.o(.text.SystemInit)
    UART0_Receiver                           0x00000be9   Thumb Code    20  uart.o(.text.UART0_Receiver)
    UART0_Send                               0x00000bfd   Thumb Code    18  uart.o(.text.UART0_Send)
    UART_TASK                                0x00000c11   Thumb Code    84  main.o(.text.UART_TASK)
    delayMs                                  0x00000cb5   Thumb Code    70  lcd.o(.text.delayMs)
    delayUs                                  0x00000cfd   Thumb Code    46  lcd.o(.text.delayUs)
    init_PE3_and_ADC0                        0x00000d2d   Thumb Code   116  port_init.o(.text.init_PE3_and_ADC0)
    init_portF                               0x00000da1   Thumb Code    58  port_init.o(.text.init_portF)
    main                                     0x00000ddd   Thumb Code   200  main.o(.text.main)
    printstring                              0x00000ec5   Thumb Code    28  uart.o(.text.printstring)
    pvPortMalloc                             0x000014bd   Thumb Code   106  heap_1.o(.text.pvPortMalloc)
    pxPortInitialiseStack                    0x00001529   Thumb Code    40  port.o(.text.pxPortInitialiseStack)
    uxListRemove                             0x00001551   Thumb Code    36  list.o(.text.uxListRemove)
    vListInitialise                          0x00001575   Thumb Code    22  list.o(.text.vListInitialise)
    vListInitialiseItem                      0x0000158d   Thumb Code     6  list.o(.text.vListInitialiseItem)
    vListInsert                              0x00001595   Thumb Code    58  list.o(.text.vListInsert)
    vPortEnterCritical                       0x000015e5   Thumb Code    70  port.o(.text.vPortEnterCritical)
    vPortExitCritical                        0x0000162d   Thumb Code    46  port.o(.text.vPortExitCritical)
    vPortFree                                0x0000165d   Thumb Code    26  heap_1.o(.text.vPortFree)
    vPortSetupTimerInterrupt                 0x00001679   Thumb Code    52  port.o(.text.vPortSetupTimerInterrupt)
    vTaskDelay                               0x000016ad   Thumb Code    84  tasks.o(.text.vTaskDelay)
    vTaskInternalSetTimeOutState             0x00001701   Thumb Code    26  tasks.o(.text.vTaskInternalSetTimeOutState)
    vTaskMissedYield                         0x0000171d   Thumb Code    14  tasks.o(.text.vTaskMissedYield)
    vTaskPlaceOnEventList                    0x0000172d   Thumb Code    50  tasks.o(.text.vTaskPlaceOnEventList)
    vTaskStartScheduler                      0x00001761   Thumb Code   140  tasks.o(.text.vTaskStartScheduler)
    vTaskSuspendAll                          0x000017f5   Thumb Code    16  tasks.o(.text.vTaskSuspendAll)
    vTaskSwitchContext                       0x00001805   Thumb Code   134  tasks.o(.text.vTaskSwitchContext)
    xPortStartScheduler                      0x0000188d   Thumb Code   274  port.o(.text.xPortStartScheduler)
    xQueueGenericCreate                      0x000019a1   Thumb Code    82  queue.o(.text.xQueueGenericCreate)
    xQueueGenericReset                       0x000019f5   Thumb Code   178  queue.o(.text.xQueueGenericReset)
    xQueueGenericSend                        0x00001aa9   Thumb Code   464  queue.o(.text.xQueueGenericSend)
    xQueueReceive                            0x00001c79   Thumb Code   388  queue.o(.text.xQueueReceive)
    xTaskCheckForTimeOut                     0x00001dfd   Thumb Code   166  tasks.o(.text.xTaskCheckForTimeOut)
    xTaskCreate                              0x00001ea5   Thumb Code    96  tasks.o(.text.xTaskCreate)
    xTaskGetSchedulerState                   0x00001f05   Thumb Code    38  tasks.o(.text.xTaskGetSchedulerState)
    xTaskIncrementTick                       0x00001f2d   Thumb Code   426  tasks.o(.text.xTaskIncrementTick)
    xTaskPriorityDisinherit                  0x000020d9   Thumb Code   194  tasks.o(.text.xTaskPriorityDisinherit)
    xTaskRemoveFromEventList                 0x0000219d   Thumb Code   240  tasks.o(.text.xTaskRemoveFromEventList)
    xTaskResumeAll                           0x0000228d   Thumb Code   364  tasks.o(.text.xTaskResumeAll)
    _fp_init                                 0x000023f9   Thumb Code    26  fpinit.o(x$fpl$fpinit)
    __fplib_config_fpu_vfp                   0x00002411   Thumb Code     0  fpinit.o(x$fpl$fpinit)
    __fplib_config_pureend_doubles           0x00002411   Thumb Code     0  fpinit.o(x$fpl$fpinit)
    uxTopUsedPriority                        0x00002420   Data           4  tasks.o(.rodata.uxTopUsedPriority)
    Region$$Table$$Base                      0x00002424   Number         0  anon$$obj.o(Region$$Table)
    Region$$Table$$Limit                     0x00002444   Number         0  anon$$obj.o(Region$$Table)
    SystemCoreClock                          0x20000000   Data           4  system_tm4c123.o(.data.SystemCoreClock)
    __libspace_start                         0x20000008   Data          96  libspace.o(.bss)
    __temporary_stack_top$libspace           0x20000068   Data           0  libspace.o(.bss)
    pxCurrentTCB                             0x2000006c   Data           4  tasks.o(.bss.pxCurrentTCB)
    xQueue_LCD                               0x20002148   Data           4  main.o(.bss.xQueue_LCD)
    xQueue_LED                               0x2000214c   Data           4  main.o(.bss.xQueue_LED)
    xQueue_UART                              0x20002150   Data           4  main.o(.bss.xQueue_UART)



==============================================================================

Memory Map of the image

  Image Entry point : 0x0000026d

  Load Region LR_IROM1 (Base: 0x00000000, Size: 0x00002450, Max: 0x00040000, ABSOLUTE)

    Execution Region ER_IROM1 (Exec base: 0x00000000, Load base: 0x00000000, Size: 0x00002444, Max: 0x00040000, ABSOLUTE)

    Exec Addr    Load Addr    Size         Type   Attr      Idx    E Section Name        Object

    0x00000000   0x00000000   0x0000026c   Data   RO           97    RESET               startup_tm4c123.o
    0x0000026c   0x0000026c   0x00000008   Code   RO          481  * !!!main             c_w.l(__main.o)
    0x00000274   0x00000274   0x00000034   Code   RO          657    !!!scatter          c_w.l(__scatter.o)
    0x000002a8   0x000002a8   0x0000001a   Code   RO          659    !!handler_copy      c_w.l(__scatter_copy.o)
    0x000002c2   0x000002c2   0x00000002   PAD
    0x000002c4   0x000002c4   0x0000001c   Code   RO          661    !!handler_zi        c_w.l(__scatter_zi.o)
    0x000002e0   0x000002e0   0x00000000   Code   RO          472    .ARM.Collect$$_printf_percent$$00000000  c_w.l(_printf_percent.o)
    0x000002e0   0x000002e0   0x00000006   Code   RO          471    .ARM.Collect$$_printf_percent$$00000009  c_w.l(_printf_d.o)
    0x000002e6   0x000002e6   0x00000004   Code   RO          490    .ARM.Collect$$_printf_percent$$00000017  c_w.l(_printf_percent_end.o)
    0x000002ea   0x000002ea   0x00000002   Code   RO          521    .ARM.Collect$$libinit$$00000000  c_w.l(libinit.o)
    0x000002ec   0x000002ec   0x00000004   Code   RO          527    .ARM.Collect$$libinit$$00000001  c_w.l(libinit2.o)
    0x000002f0   0x000002f0   0x00000000   Code   RO          530    .ARM.Collect$$libinit$$00000004  c_w.l(libinit2.o)
    0x000002f0   0x000002f0   0x00000000   Code   RO          533    .ARM.Collect$$libinit$$0000000A  c_w.l(libinit2.o)
    0x000002f0   0x000002f0   0x00000000   Code   RO          535    .ARM.Collect$$libinit$$0000000C  c_w.l(libinit2.o)
    0x000002f0   0x000002f0   0x00000000   Code   RO          537    .ARM.Collect$$libinit$$0000000E  c_w.l(libinit2.o)
    0x000002f0   0x000002f0   0x00000000   Code   RO          540    .ARM.Collect$$libinit$$00000011  c_w.l(libinit2.o)
    0x000002f0   0x000002f0   0x00000000   Code   RO          542    .ARM.Collect$$libinit$$00000013  c_w.l(libinit2.o)
    0x000002f0   0x000002f0   0x00000000   Code   RO          544    .ARM.Collect$$libinit$$00000015  c_w.l(libinit2.o)
    0x000002f0   0x000002f0   0x00000000   Code   RO          546    .ARM.Collect$$libinit$$00000017  c_w.l(libinit2.o)
    0x000002f0   0x000002f0   0x00000000   Code   RO          548    .ARM.Collect$$libinit$$00000019  c_w.l(libinit2.o)
    0x000002f0   0x000002f0   0x00000000   Code   RO          550    .ARM.Collect$$libinit$$0000001B  c_w.l(libinit2.o)
    0x000002f0   0x000002f0   0x00000000   Code   RO          552    .ARM.Collect$$libinit$$0000001D  c_w.l(libinit2.o)
    0x000002f0   0x000002f0   0x00000000   Code   RO          554    .ARM.Collect$$libinit$$0000001F  c_w.l(libinit2.o)
    0x000002f0   0x000002f0   0x00000000   Code   RO          556    .ARM.Collect$$libinit$$00000021  c_w.l(libinit2.o)
    0x000002f0   0x000002f0   0x00000000   Code   RO          558    .ARM.Collect$$libinit$$00000023  c_w.l(libinit2.o)
    0x000002f0   0x000002f0   0x00000000   Code   RO          560    .ARM.Collect$$libinit$$00000025  c_w.l(libinit2.o)
    0x000002f0   0x000002f0   0x00000000   Code   RO          564    .ARM.Collect$$libinit$$0000002C  c_w.l(libinit2.o)
    0x000002f0   0x000002f0   0x00000000   Code   RO          566    .ARM.Collect$$libinit$$0000002E  c_w.l(libinit2.o)
    0x000002f0   0x000002f0   0x00000000   Code   RO          568    .ARM.Collect$$libinit$$00000030  c_w.l(libinit2.o)
    0x000002f0   0x000002f0   0x00000000   Code   RO          570    .ARM.Collect$$libinit$$00000032  c_w.l(libinit2.o)
    0x000002f0   0x000002f0   0x00000002   Code   RO          571    .ARM.Collect$$libinit$$00000033  c_w.l(libinit2.o)
    0x000002f2   0x000002f2   0x00000002   Code   RO          593    .ARM.Collect$$libshutdown$$00000000  c_w.l(libshutdown.o)
    0x000002f4   0x000002f4   0x00000000   Code   RO          608    .ARM.Collect$$libshutdown$$00000002  c_w.l(libshutdown2.o)
    0x000002f4   0x000002f4   0x00000000   Code   RO          610    .ARM.Collect$$libshutdown$$00000004  c_w.l(libshutdown2.o)
    0x000002f4   0x000002f4   0x00000000   Code   RO          613    .ARM.Collect$$libshutdown$$00000007  c_w.l(libshutdown2.o)
    0x000002f4   0x000002f4   0x00000000   Code   RO          616    .ARM.Collect$$libshutdown$$0000000A  c_w.l(libshutdown2.o)
    0x000002f4   0x000002f4   0x00000000   Code   RO          618    .ARM.Collect$$libshutdown$$0000000C  c_w.l(libshutdown2.o)
    0x000002f4   0x000002f4   0x00000000   Code   RO          621    .ARM.Collect$$libshutdown$$0000000F  c_w.l(libshutdown2.o)
    0x000002f4   0x000002f4   0x00000002   Code   RO          622    .ARM.Collect$$libshutdown$$00000010  c_w.l(libshutdown2.o)
    0x000002f6   0x000002f6   0x00000000   Code   RO          483    .ARM.Collect$$rtentry$$00000000  c_w.l(__rtentry.o)
    0x000002f6   0x000002f6   0x00000000   Code   RO          496    .ARM.Collect$$rtentry$$00000002  c_w.l(__rtentry2.o)
    0x000002f6   0x000002f6   0x00000006   Code   RO          508    .ARM.Collect$$rtentry$$00000004  c_w.l(__rtentry4.o)
    0x000002fc   0x000002fc   0x00000000   Code   RO          498    .ARM.Collect$$rtentry$$00000009  c_w.l(__rtentry2.o)
    0x000002fc   0x000002fc   0x00000004   Code   RO          499    .ARM.Collect$$rtentry$$0000000A  c_w.l(__rtentry2.o)
    0x00000300   0x00000300   0x00000000   Code   RO          501    .ARM.Collect$$rtentry$$0000000C  c_w.l(__rtentry2.o)
    0x00000300   0x00000300   0x00000008   Code   RO          502    .ARM.Collect$$rtentry$$0000000D  c_w.l(__rtentry2.o)
    0x00000308   0x00000308   0x00000002   Code   RO          525    .ARM.Collect$$rtexit$$00000000  c_w.l(rtexit.o)
    0x0000030a   0x0000030a   0x00000000   Code   RO          573    .ARM.Collect$$rtexit$$00000002  c_w.l(rtexit2.o)
    0x0000030a   0x0000030a   0x00000004   Code   RO          574    .ARM.Collect$$rtexit$$00000003  c_w.l(rtexit2.o)
    0x0000030e   0x0000030e   0x00000006   Code   RO          575    .ARM.Collect$$rtexit$$00000004  c_w.l(rtexit2.o)
    0x00000314   0x00000314   0x00000114   Code   RO           98    .text               startup_tm4c123.o
    0x00000428   0x00000428   0x00000028   Code   RO          445    .text               c_w.l(noretval__2sprintf.o)
    0x00000450   0x00000450   0x00000068   Code   RO          447    .text               c_w.l(__printf.o)
    0x000004b8   0x000004b8   0x00000078   Code   RO          449    .text               c_w.l(_printf_dec.o)
    0x00000530   0x00000530   0x0000008a   Code   RO          475    .text               c_w.l(rt_memcpy_v6.o)
    0x000005ba   0x000005ba   0x00000010   Code   RO          477    .text               c_w.l(aeabi_memset4.o)
    0x000005ca   0x000005ca   0x00000006   Code   RO          479    .text               c_w.l(heapauxi.o)
    0x000005d0   0x000005d0   0x000000b2   Code   RO          484    .text               c_w.l(_printf_intcommon.o)
    0x00000682   0x00000682   0x00000002   PAD
    0x00000684   0x00000684   0x00000030   Code   RO          486    .text               c_w.l(_printf_char_common.o)
    0x000006b4   0x000006b4   0x0000000a   Code   RO          488    .text               c_w.l(_sputc.o)
    0x000006be   0x000006be   0x00000064   Code   RO          491    .text               c_w.l(rt_memcpy_w.o)
    0x00000722   0x00000722   0x0000004e   Code   RO          493    .text               c_w.l(rt_memclr_w.o)
    0x00000770   0x00000770   0x0000004a   Code   RO          512    .text               c_w.l(sys_stackheap_outer.o)
    0x000007ba   0x000007ba   0x00000012   Code   RO          514    .text               c_w.l(exit.o)
    0x000007cc   0x000007cc   0x00000008   Code   RO          522    .text               c_w.l(libspace.o)
    0x000007d4   0x000007d4   0x0000000c   Code   RO          583    .text               c_w.l(sys_exit.o)
    0x000007e0   0x000007e0   0x00000002   Code   RO          598    .text               c_w.l(use_no_semi.o)
    0x000007e2   0x000007e2   0x00000000   Code   RO          600    .text               c_w.l(indicate_semi.o)
    0x000007e2   0x000007e2   0x00000002   PAD
    0x000007e4   0x000007e4   0x000000e6   Code   RO            8    .text.Controller_Task  main.o
    0x000008ca   0x000008ca   0x00000002   PAD
    0x000008cc   0x000008cc   0x00000088   Code   RO           67    .text.Init_UART     uart.o
    0x00000954   0x00000954   0x0000002c   Code   RO           49    .text.LCD4bits_Cmd  lcd.o
    0x00000980   0x00000980   0x00000020   Code   RO           57    .text.LCD4bits_Data  lcd.o
    0x000009a0   0x000009a0   0x00000042   Code   RO           45    .text.LCD4bits_Init  lcd.o
    0x000009e2   0x000009e2   0x00000002   PAD
    0x000009e4   0x000009e4   0x00000098   Code   RO            4    .text.LCD_TASK      main.o
    0x00000a7c   0x00000a7c   0x0000002a   Code   RO           51    .text.LCD_Write4bits  lcd.o
    0x00000aa6   0x00000aa6   0x00000002   PAD
    0x00000aa8   0x00000aa8   0x0000002a   Code   RO           55    .text.LCD_WriteString  lcd.o
    0x00000ad2   0x00000ad2   0x00000002   PAD
    0x00000ad4   0x00000ad4   0x00000036   Code   RO            6    .text.LED_TASK      main.o
    0x00000b0a   0x00000b0a   0x00000006   PAD
    0x00000b10   0x00000b10   0x00000064   Code   RO          160    .text.PendSV_Handler  port.o
    0x00000b74   0x00000b74   0x0000000c   PAD
    0x00000b80   0x00000b80   0x00000024   Code   RO          144    .text.SVC_Handler   port.o
    0x00000ba4   0x00000ba4   0x0000002e   Code   RO          162    .text.SysTick_Handler  port.o
    0x00000bd2   0x00000bd2   0x00000002   PAD
    0x00000bd4   0x00000bd4   0x00000012   Code   RO          109    .text.SystemInit    system_tm4c123.o
    0x00000be6   0x00000be6   0x00000002   PAD
    0x00000be8   0x00000be8   0x00000014   Code   RO           71    .text.UART0_Receiver  uart.o
    0x00000bfc   0x00000bfc   0x00000012   Code   RO           69    .text.UART0_Send    uart.o
    0x00000c0e   0x00000c0e   0x00000002   PAD
    0x00000c10   0x00000c10   0x000000a4   Code   RO            2    .text.UART_TASK     main.o
    0x00000cb4   0x00000cb4   0x00000046   Code   RO           47    .text.delayMs       lcd.o
    0x00000cfa   0x00000cfa   0x00000002   PAD
    0x00000cfc   0x00000cfc   0x0000002e   Code   RO           53    .text.delayUs       lcd.o
    0x00000d2a   0x00000d2a   0x00000002   PAD
    0x00000d2c   0x00000d2c   0x00000074   Code   RO           87    .text.init_PE3_and_ADC0  port_init.o
    0x00000da0   0x00000da0   0x0000003a   Code   RO           85    .text.init_portF    port_init.o
    0x00000dda   0x00000dda   0x00000002   PAD
    0x00000ddc   0x00000ddc   0x000000e8   Code   RO           10    .text.main          main.o
    0x00000ec4   0x00000ec4   0x0000001c   Code   RO           73    .text.printstring   uart.o
    0x00000ee0   0x00000ee0   0x000000c6   Code   RO          298    .text.prvAddCurrentTaskToDelayedList  tasks.o
    0x00000fa6   0x00000fa6   0x00000002   PAD
    0x00000fa8   0x00000fa8   0x000000ce   Code   RO          286    .text.prvAddNewTaskToReadyList  tasks.o
    0x00001076   0x00001076   0x00000002   PAD
    0x00001078   0x00001078   0x0000004e   Code   RO          410    .text.prvCheckTasksWaitingTermination  tasks.o
    0x000010c6   0x000010c6   0x00000002   PAD
    0x000010c8   0x000010c8   0x00000026   Code   RO          234    .text.prvCopyDataFromQueue  queue.o
    0x000010ee   0x000010ee   0x00000002   PAD
    0x000010f0   0x000010f0   0x0000007a   Code   RO          220    .text.prvCopyDataToQueue  queue.o
    0x0000116a   0x0000116a   0x00000002   PAD
    0x0000116c   0x0000116c   0x00000012   Code   RO          292    .text.prvDeleteTCB  tasks.o
    0x0000117e   0x0000117e   0x00000002   PAD
    0x00001180   0x00001180   0x0000002a   Code   RO          324    .text.prvIdleTask   tasks.o
    0x000011aa   0x000011aa   0x00000002   PAD
    0x000011ac   0x000011ac   0x00000024   Code   RO          200    .text.prvInitialiseNewQueue  queue.o
    0x000011d0   0x000011d0   0x000000aa   Code   RO          284    .text.prvInitialiseNewTask  tasks.o
    0x0000127a   0x0000127a   0x00000002   PAD
    0x0000127c   0x0000127c   0x0000006e   Code   RO          408    .text.prvInitialiseTaskLists  tasks.o
    0x000012ea   0x000012ea   0x00000002   PAD
    0x000012ec   0x000012ec   0x00000018   Code   RO          236    .text.prvIsQueueEmpty  queue.o
    0x00001304   0x00001304   0x0000001c   Code   RO          224    .text.prvIsQueueFull  queue.o
    0x00001320   0x00001320   0x0000008e   Code   RO          222    .text.prvNotifyQueueSetContainer  queue.o
    0x000013ae   0x000013ae   0x00000002   PAD
    0x000013b0   0x000013b0   0x00000028   Code   RO          152    .text.prvPortStartFirstTask  port.o
    0x000013d8   0x000013d8   0x00000026   Code   RO          290    .text.prvResetNextTaskUnblockTime  tasks.o
    0x000013fe   0x000013fe   0x00000002   PAD
    0x00001400   0x00001400   0x00000032   Code   RO          142    .text.prvTaskExitError  port.o
    0x00001432   0x00001432   0x00000002   PAD
    0x00001434   0x00001434   0x00000086   Code   RO          226    .text.prvUnlockQueue  queue.o
    0x000014ba   0x000014ba   0x00000002   PAD
    0x000014bc   0x000014bc   0x0000006a   Code   RO          177    .text.pvPortMalloc  heap_1.o
    0x00001526   0x00001526   0x00000002   PAD
    0x00001528   0x00001528   0x00000028   Code   RO          140    .text.pxPortInitialiseStack  port.o
    0x00001550   0x00001550   0x00000024   Code   RO          130    .text.uxListRemove  list.o
    0x00001574   0x00001574   0x00000016   Code   RO          122    .text.vListInitialise  list.o
    0x0000158a   0x0000158a   0x00000002   PAD
    0x0000158c   0x0000158c   0x00000006   Code   RO          124    .text.vListInitialiseItem  list.o
    0x00001592   0x00001592   0x00000002   PAD
    0x00001594   0x00001594   0x0000003a   Code   RO          128    .text.vListInsert   list.o
    0x000015ce   0x000015ce   0x00000002   PAD
    0x000015d0   0x000015d0   0x00000014   Code   RO          150    .text.vPortEnableVFP  port.o
    0x000015e4   0x000015e4   0x00000046   Code   RO          156    .text.vPortEnterCritical  port.o
    0x0000162a   0x0000162a   0x00000002   PAD
    0x0000162c   0x0000162c   0x0000002e   Code   RO          158    .text.vPortExitCritical  port.o
    0x0000165a   0x0000165a   0x00000002   PAD
    0x0000165c   0x0000165c   0x0000001a   Code   RO          179    .text.vPortFree     heap_1.o
    0x00001676   0x00001676   0x00000002   PAD
    0x00001678   0x00001678   0x00000034   Code   RO          148    .text.vPortSetupTimerInterrupt  port.o
    0x000016ac   0x000016ac   0x00000054   Code   RO          302    .text.vTaskDelay    tasks.o
    0x00001700   0x00001700   0x0000001a   Code   RO          362    .text.vTaskInternalSetTimeOutState  tasks.o
    0x0000171a   0x0000171a   0x00000002   PAD
    0x0000171c   0x0000171c   0x0000000e   Code   RO          366    .text.vTaskMissedYield  tasks.o
    0x0000172a   0x0000172a   0x00000002   PAD
    0x0000172c   0x0000172c   0x00000032   Code   RO          352    .text.vTaskPlaceOnEventList  tasks.o
    0x0000175e   0x0000175e   0x00000002   PAD
    0x00001760   0x00001760   0x00000094   Code   RO          322    .text.vTaskStartScheduler  tasks.o
    0x000017f4   0x000017f4   0x00000010   Code   RO          296    .text.vTaskSuspendAll  tasks.o
    0x00001804   0x00001804   0x00000086   Code   RO          314    .text.vTaskSwitchContext  tasks.o
    0x0000188a   0x0000188a   0x00000002   PAD
    0x0000188c   0x0000188c   0x00000112   Code   RO          146    .text.xPortStartScheduler  port.o
    0x0000199e   0x0000199e   0x00000002   PAD
    0x000019a0   0x000019a0   0x00000052   Code   RO          198    .text.xQueueGenericCreate  queue.o
    0x000019f2   0x000019f2   0x00000002   PAD
    0x000019f4   0x000019f4   0x000000b2   Code   RO          196    .text.xQueueGenericReset  queue.o
    0x00001aa6   0x00001aa6   0x00000002   PAD
    0x00001aa8   0x00001aa8   0x000001d0   Code   RO          212    .text.xQueueGenericSend  queue.o
    0x00001c78   0x00001c78   0x00000184   Code   RO          232    .text.xQueueReceive  queue.o
    0x00001dfc   0x00001dfc   0x000000a6   Code   RO          364    .text.xTaskCheckForTimeOut  tasks.o
    0x00001ea2   0x00001ea2   0x00000002   PAD
    0x00001ea4   0x00001ea4   0x00000060   Code   RO          282    .text.xTaskCreate   tasks.o
    0x00001f04   0x00001f04   0x00000026   Code   RO          382    .text.xTaskGetSchedulerState  tasks.o
    0x00001f2a   0x00001f2a   0x00000002   PAD
    0x00001f2c   0x00001f2c   0x000001aa   Code   RO          328    .text.xTaskIncrementTick  tasks.o
    0x000020d6   0x000020d6   0x00000002   PAD
    0x000020d8   0x000020d8   0x000000c2   Code   RO          386    .text.xTaskPriorityDisinherit  tasks.o
    0x0000219a   0x0000219a   0x00000002   PAD
    0x0000219c   0x0000219c   0x000000f0   Code   RO          356    .text.xTaskRemoveFromEventList  tasks.o
    0x0000228c   0x0000228c   0x0000016c   Code   RO          300    .text.xTaskResumeAll  tasks.o
    0x000023f8   0x000023f8   0x0000001a   Code   RO          581    x$fpl$fpinit        fz_wm.l(fpinit.o)
    0x00002412   0x00002412   0x0000000c   Data   RO           14    .rodata.str1.1      main.o
    0x0000241e   0x0000241e   0x00000002   PAD
    0x00002420   0x00002420   0x00000004   Data   RO          413    .rodata.uxTopUsedPriority  tasks.o
    0x00002424   0x00002424   0x00000020   Data   RO          656    Region$$Table       anon$$obj.o


    Execution Region RW_IRAM1 (Exec base: 0x20000000, Load base: 0x00002448, Size: 0x00002388, Max: 0x00008000, ABSOLUTE)

    Exec Addr    Load Addr    Size         Type   Attr      Idx    E Section Name        Object

    0x20000000   0x00002448   0x00000004   Data   RW          111    .data.SystemCoreClock  system_tm4c123.o
    0x20000004   0x0000244c   0x00000004   Data   RW          168    .data.uxCriticalNesting  port.o
    0x20000008        -       0x00000060   Zero   RW          523    .bss                c_w.l(libspace.o)
    0x20000068        -       0x00000004   Zero   RW          185    .bss.pvPortMalloc.pucAlignedHeap  heap_1.o
    0x2000006c        -       0x00000004   Zero   RW          412    .bss.pxCurrentTCB   tasks.o
    0x20000070        -       0x00000004   Zero   RW          423    .bss.pxDelayedTaskList  tasks.o
    0x20000074        -       0x00000004   Zero   RW          424    .bss.pxOverflowDelayedTaskList  tasks.o
    0x20000078        -       0x00000064   Zero   RW          414    .bss.pxReadyTasksLists  tasks.o
    0x200000dc        -       0x00002000   Zero   RW          186    .bss.ucHeap         heap_1.o
    0x200020dc        -       0x00000001   Zero   RW          166    .bss.ucMaxSysCallPriority  port.o
    0x200020dd   0x00002450   0x00000003   PAD
    0x200020e0        -       0x00000004   Zero   RW          167    .bss.ulMaxPRIGROUPValue  port.o
    0x200020e4        -       0x00000004   Zero   RW          419    .bss.uxCurrentNumberOfTasks  tasks.o
    0x200020e8        -       0x00000004   Zero   RW          418    .bss.uxDeletedTasksWaitingCleanUp  tasks.o
    0x200020ec        -       0x00000004   Zero   RW          421    .bss.uxSchedulerSuspended  tasks.o
    0x200020f0        -       0x00000004   Zero   RW          416    .bss.uxTaskNumber   tasks.o
    0x200020f4        -       0x00000004   Zero   RW          415    .bss.uxTopReadyPriority  tasks.o
    0x200020f8        -       0x00000014   Zero   RW          432    .bss.xDelayedTaskList1  tasks.o
    0x2000210c        -       0x00000014   Zero   RW          433    .bss.xDelayedTaskList2  tasks.o
    0x20002120        -       0x00000004   Zero   RW          428    .bss.xIdleTaskHandle  tasks.o
    0x20002124        -       0x00000004   Zero   RW          187    .bss.xNextFreeByte  heap_1.o
    0x20002128        -       0x00000004   Zero   RW          429    .bss.xNextTaskUnblockTime  tasks.o
    0x2000212c        -       0x00000004   Zero   RW          431    .bss.xNumOfOverflows  tasks.o
    0x20002130        -       0x00000004   Zero   RW          430    .bss.xPendedTicks   tasks.o
    0x20002134        -       0x00000014   Zero   RW          427    .bss.xPendingReadyList  tasks.o
    0x20002148        -       0x00000004   Zero   RW           13    .bss.xQueue_LCD     main.o
    0x2000214c        -       0x00000004   Zero   RW           15    .bss.xQueue_LED     main.o
    0x20002150        -       0x00000004   Zero   RW           12    .bss.xQueue_UART    main.o
    0x20002154        -       0x00000004   Zero   RW          420    .bss.xSchedulerRunning  tasks.o
    0x20002158        -       0x00000014   Zero   RW          425    .bss.xSuspendedTaskList  tasks.o
    0x2000216c        -       0x00000014   Zero   RW          417    .bss.xTasksWaitingTermination  tasks.o
    0x20002180        -       0x00000004   Zero   RW          422    .bss.xTickCount     tasks.o
    0x20002184        -       0x00000004   Zero   RW          426    .bss.xYieldPending  tasks.o
    0x20002188        -       0x00000000   Zero   RW           96    HEAP                startup_tm4c123.o
    0x20002188        -       0x00000200   Zero   RW           95    STACK               startup_tm4c123.o


==============================================================================

Image component sizes


      Code (inc. data)   RO Data    RW Data    ZI Data      Debug   Object Name

       132          0          0          0       8200       1938   heap_1.o
       342          0          0          0          0       6746   lcd.o
       122          0          0          0          0       2392   list.o
       832        136         12          0         12       2661   main.o
       774         16          0          4          5       4079   port.o
       174          0          0          0          0        677   port_init.o
      1636          0          0          0          0      22569   queue.o
       276         24        620          0        512       5532   startup_tm4c123.o
        18          0          0          4          0       6550   system_tm4c123.o
      2856          8          4          0        260      33042   tasks.o
       202          0          0          0          0       1239   uart.o

    ----------------------------------------------------------------------
      7464        196        670          8       8992      87425   Object Totals
         0          0         32          0          0          0   (incl. Generated)
       100         12          2          0          3          0   (incl. Padding)

    ----------------------------------------------------------------------

      Code (inc. data)   RO Data    RW Data    ZI Data      Debug   Library Member Name

         8          0          0          0          0         68   __main.o
       104          0          0          0          0         84   __printf.o
         0          0          0          0          0          0   __rtentry.o
        12          0          0          0          0          0   __rtentry2.o
         6          0          0          0          0          0   __rtentry4.o
        52          8          0          0          0          0   __scatter.o
        26          0          0          0          0          0   __scatter_copy.o
        28          0          0          0          0          0   __scatter_zi.o
        48          6          0          0          0         96   _printf_char_common.o
         6          0          0          0          0          0   _printf_d.o
       120         16          0          0          0         92   _printf_dec.o
       178          0          0          0          0         88   _printf_intcommon.o
         0          0          0          0          0          0   _printf_percent.o
         4          0          0          0          0          0   _printf_percent_end.o
        10          0          0          0          0         68   _sputc.o
        16          0          0          0          0         68   aeabi_memset4.o
        18          0          0          0          0         80   exit.o
         6          0          0          0          0        152   heapauxi.o
         0          0          0          0          0          0   indicate_semi.o
         2          0          0          0          0          0   libinit.o
         6          0          0          0          0          0   libinit2.o
         2          0          0          0          0          0   libshutdown.o
         2          0          0          0          0          0   libshutdown2.o
         8          4          0          0         96         68   libspace.o
        40          6          0          0          0         84   noretval__2sprintf.o
        78          0          0          0          0         80   rt_memclr_w.o
       138          0          0          0          0         68   rt_memcpy_v6.o
       100          0          0          0          0         80   rt_memcpy_w.o
         2          0          0          0          0          0   rtexit.o
        10          0          0          0          0          0   rtexit2.o
        12          4          0          0          0         68   sys_exit.o
        74          0          0          0          0         80   sys_stackheap_outer.o
         2          0          0          0          0         68   use_no_semi.o
        26          0          0          0          0        116   fpinit.o

    ----------------------------------------------------------------------
      1150         44          0          0         96       1508   Library Totals
         6          0          0          0          0          0   (incl. Padding)

    ----------------------------------------------------------------------

      Code (inc. data)   RO Data    RW Data    ZI Data      Debug   Library Name

      1118         44          0          0         96       1392   c_w.l
        26          0          0          0          0        116   fz_wm.l

    ----------------------------------------------------------------------
      1150         44          0          0         96       1508   Library Totals

    ----------------------------------------------------------------------

==============================================================================


      Code (inc. data)   RO Data    RW Data    ZI Data      Debug   

      8614        240        670          8       9088      88077   Grand Totals
      8614        240        670          8       9088      88077   ELF Image Totals
      8614        240        670          8          0          0   ROM Totals

==============================================================================

    Total RO  Size (Code + RO Data)                 9284 (   9.07kB)
    Total RW  Size (RW Data + ZI Data)              9096 (   8.88kB)
    Total ROM Size (Code + RO Data + RW Data)       9292 (   9.07kB)

==============================================================================

